<html>
<body>
<pre>
<h1>µVision Build Log</h1>
<h2>Tool Versions:</h2>
IDE-Version: ¦ÌVision V5.14.2
Copyright (C) 2015 ARM Ltd and ARM Germany GmbH. All rights reserved.
License Information: Cortex-M4, Microsoft, LIC=FYKZ9-41FIX-2ZGW4-FGW74-5YISD-NIVK2
 
Tool Versions:
Toolchain:       MDK-ARM Standard  Version: 5.15.0
Toolchain Path:  D:\Program Files\Keil_v5\ARM\ARMCC\Bin
C Compiler:      Armcc.exe V5.05 update 2 (build 169)
Assembler:       Armasm.exe V5.05 update 2 (build 169)
Linker/Locator:  ArmLink.exe V5.05 update 2 (build 169)
Library Manager: ArmAr.exe V5.05 update 2 (build 169)
Hex Converter:   FromElf.exe V5.05 update 2 (build 169)
CPU DLL:         SARMCM3.DLL V5.15.0
Dialog DLL:      DCM.DLL V1.13.2.0
Target DLL:      UL2CM3.DLL V1.155.8.0
Dialog DLL:      TCM.DLL V1.14.5.0
 
<h2>Project:</h2>
F:\project\stm32f4xx\stm32usbhost.bkill.com\stm32usbhost\Project\USB_Device_Examples\VCP\MDK-ARM\usbd_vcp.uvproj
Project File Date:  03/22/2012

<h2>Output:</h2>
*** Using Compiler 'V5.05 update 2 (build 169)', folder: 'D:\Program Files\Keil_v5\ARM\ARMCC\Bin'
Rebuild target 'STM324xG-EVAL_USBD-FS'
compiling app.c...
compiling usb_bsp.c...
compiling usbd_usr.c...
compiling misc.c...
compiling usbd_cdc_vcp.c...
compiling stm32fxxx_it.c...
compiling usbd_desc.c...
compiling usb_dcd_int.c...
compiling usb_core.c...
compiling usb_dcd.c...
compiling usbd_req.c...
compiling usbd_core.c...
compiling usbd_ioreq.c...
compiling usbd_cdc_core.c...
compiling lcd_log.c...
assembling startup_stm32f4xx.s...
compiling system_stm32f4xx.c...
compiling stm32f4xx_sdio.c...
compiling stm32f4xx_spi.c...
compiling stm32f4xx_syscfg.c...
compiling stm32f4xx_usart.c...
compiling stm32f4xx_dma.c...
compiling stm32f4xx_exti.c...
compiling stm32f4xx_flash.c...
compiling stm32f4xx_fsmc.c...
compiling stm32f4xx_gpio.c...
compiling stm32f4xx_i2c.c...
compiling stm32f4xx_pwr.c...
compiling stm32f4xx_rcc.c...
compiling stm324xg_eval_lcd.c...
compiling stm324xg_eval.c...
compiling stm324xg_eval_ioe.c...
linking...
Program Size: Code=12672 RO-data=9684 RW-data=444 ZI-data=5404  
".\STM324xG-EVAL\STM324xG-EVAL_FS.axf" - 0 Error(s), 0 Warning(s).
</pre>
</body>
</html>
