Component: ARM Compiler 5.05 update 2 (build 169) Tool: armlink [4d0f33]

==============================================================================

Section Cross References

    app.o(i.main) refers to usbd_core.o(i.USBD_Init) for USBD_Init
    app.o(i.main) refers to stm324xg_eval.o(i.STM_EVAL_LEDToggle) for STM_EVAL_LEDToggle
    app.o(i.main) refers to usbd_usr.o(.data) for USR_cb
    app.o(i.main) refers to usbd_cdc_core.o(.data) for USBD_CDC_cb
    app.o(i.main) refers to usbd_desc.o(.data) for USR_desc
    app.o(i.main) refers to app.o(.bss) for .bss
    usb_bsp.o(i.USB_OTG_BSP_EnableInterrupt) refers to misc.o(i.NVIC_PriorityGroupConfig) for NVIC_PriorityGroupConfig
    usb_bsp.o(i.USB_OTG_BSP_EnableInterrupt) refers to misc.o(i.NVIC_Init) for NVIC_Init
    usb_bsp.o(i.USB_OTG_BSP_Init) refers to stm32f4xx_rcc.o(i.RCC_AHB1PeriphClockCmd) for RCC_AHB1PeriphClockCmd
    usb_bsp.o(i.USB_OTG_BSP_Init) refers to stm32f4xx_gpio.o(i.GPIO_Init) for GPIO_Init
    usb_bsp.o(i.USB_OTG_BSP_Init) refers to stm32f4xx_gpio.o(i.GPIO_PinAFConfig) for GPIO_PinAFConfig
    usb_bsp.o(i.USB_OTG_BSP_Init) refers to stm32f4xx_rcc.o(i.RCC_APB2PeriphClockCmd) for RCC_APB2PeriphClockCmd
    usb_bsp.o(i.USB_OTG_BSP_Init) refers to stm32f4xx_rcc.o(i.RCC_AHB2PeriphClockCmd) for RCC_AHB2PeriphClockCmd
    usb_bsp.o(i.USB_OTG_BSP_mDelay) refers to usb_bsp.o(i.USB_OTG_BSP_uDelay) for USB_OTG_BSP_uDelay
    usbd_usr.o(i.USBD_USR_DeviceConfigured) refers to printfb.o(i.__0printf$bare) for __2printf
    usbd_usr.o(i.USBD_USR_DeviceConfigured) refers to lcd_log.o(.data) for LCD_LineColor
    usbd_usr.o(i.USBD_USR_DeviceConnected) refers to printfb.o(i.__0printf$bare) for __2printf
    usbd_usr.o(i.USBD_USR_DeviceConnected) refers to lcd_log.o(.data) for LCD_LineColor
    usbd_usr.o(i.USBD_USR_DeviceDisconnected) refers to printfb.o(i.__0printf$bare) for __2printf
    usbd_usr.o(i.USBD_USR_DeviceDisconnected) refers to lcd_log.o(.data) for LCD_LineColor
    usbd_usr.o(i.USBD_USR_DeviceReset) refers to lcd_log.o(i.LCD_LOG_SetFooter) for LCD_LOG_SetFooter
    usbd_usr.o(i.USBD_USR_DeviceResumed) refers to printfb.o(i.__0printf$bare) for __2printf
    usbd_usr.o(i.USBD_USR_DeviceResumed) refers to lcd_log.o(.data) for LCD_LineColor
    usbd_usr.o(i.USBD_USR_DeviceSuspended) refers to printfb.o(i.__0printf$bare) for __2printf
    usbd_usr.o(i.USBD_USR_DeviceSuspended) refers to lcd_log.o(.data) for LCD_LineColor
    usbd_usr.o(i.USBD_USR_Init) refers to stm324xg_eval.o(i.STM_EVAL_LEDInit) for STM_EVAL_LEDInit
    usbd_usr.o(i.USBD_USR_Init) refers to stm324xg_eval_lcd.o(i.STM324xG_LCD_Init) for STM324xG_LCD_Init
    usbd_usr.o(i.USBD_USR_Init) refers to lcd_log.o(i.LCD_LOG_Init) for LCD_LOG_Init
    usbd_usr.o(i.USBD_USR_Init) refers to lcd_log.o(i.LCD_LOG_SetHeader) for LCD_LOG_SetHeader
    usbd_usr.o(i.USBD_USR_Init) refers to printfb.o(i.__0printf$bare) for __2printf
    usbd_usr.o(i.USBD_USR_Init) refers to lcd_log.o(i.LCD_LOG_SetFooter) for LCD_LOG_SetFooter
    usbd_usr.o(i.USBD_USR_Init) refers to lcd_log.o(.data) for LCD_LineColor
    usbd_usr.o(.data) refers to usbd_usr.o(i.USBD_USR_Init) for USBD_USR_Init
    usbd_usr.o(.data) refers to usbd_usr.o(i.USBD_USR_DeviceReset) for USBD_USR_DeviceReset
    usbd_usr.o(.data) refers to usbd_usr.o(i.USBD_USR_DeviceConfigured) for USBD_USR_DeviceConfigured
    usbd_usr.o(.data) refers to usbd_usr.o(i.USBD_USR_DeviceSuspended) for USBD_USR_DeviceSuspended
    usbd_usr.o(.data) refers to usbd_usr.o(i.USBD_USR_DeviceResumed) for USBD_USR_DeviceResumed
    usbd_usr.o(.data) refers to usbd_usr.o(i.USBD_USR_DeviceConnected) for USBD_USR_DeviceConnected
    usbd_usr.o(.data) refers to usbd_usr.o(i.USBD_USR_DeviceDisconnected) for USBD_USR_DeviceDisconnected
    usbd_cdc_vcp.o(i.USART3_IRQHandler) refers to stm32f4xx_usart.o(i.USART_GetITStatus) for USART_GetITStatus
    usbd_cdc_vcp.o(i.USART3_IRQHandler) refers to usbd_cdc_vcp.o(i.VCP_DataTx) for VCP_DataTx
    usbd_cdc_vcp.o(i.USART3_IRQHandler) refers to stm32f4xx_usart.o(i.USART_GetFlagStatus) for USART_GetFlagStatus
    usbd_cdc_vcp.o(i.USART3_IRQHandler) refers to stm32f4xx_usart.o(i.USART_ReceiveData) for USART_ReceiveData
    usbd_cdc_vcp.o(i.VCP_COMConfig) refers to stm324xg_eval.o(i.STM_EVAL_COMInit) for STM_EVAL_COMInit
    usbd_cdc_vcp.o(i.VCP_COMConfig) refers to stm32f4xx_usart.o(i.USART_ITConfig) for USART_ITConfig
    usbd_cdc_vcp.o(i.VCP_COMConfig) refers to usbd_cdc_vcp.o(.bss) for .bss
    usbd_cdc_vcp.o(i.VCP_COMConfig) refers to usbd_cdc_vcp.o(.data) for .data
    usbd_cdc_vcp.o(i.VCP_Ctrl) refers to usbd_cdc_vcp.o(i.VCP_COMConfig) for VCP_COMConfig
    usbd_cdc_vcp.o(i.VCP_Ctrl) refers to usbd_cdc_vcp.o(.data) for .data
    usbd_cdc_vcp.o(i.VCP_DataRx) refers to stm32f4xx_usart.o(i.USART_SendData) for USART_SendData
    usbd_cdc_vcp.o(i.VCP_DataRx) refers to stm32f4xx_usart.o(i.USART_GetFlagStatus) for USART_GetFlagStatus
[...]
    ../fplib/microlib/fpmul.c                0x00000000   Number         0  dmul.o ABSOLUTE
    ..\..\..\..\Libraries\CMSIS\Device\ST\STM32F4xx\Source\Templates\arm\startup_stm32f4xx.s 0x00000000   Number         0  startup_stm32f4xx.o ABSOLUTE
    ..\..\..\..\Libraries\STM32F2xx_StdPeriph_Driver\src\misc.c 0x00000000   Number         0  misc.o ABSOLUTE
    ..\..\..\..\Libraries\STM32F4xx_StdPeriph_Driver\src\stm32f4xx_dma.c 0x00000000   Number         0  stm32f4xx_dma.o ABSOLUTE
    ..\..\..\..\Libraries\STM32F4xx_StdPeriph_Driver\src\stm32f4xx_exti.c 0x00000000   Number         0  stm32f4xx_exti.o ABSOLUTE
    ..\..\..\..\Libraries\STM32F4xx_StdPeriph_Driver\src\stm32f4xx_flash.c 0x00000000   Number         0  stm32f4xx_flash.o ABSOLUTE
    ..\..\..\..\Libraries\STM32F4xx_StdPeriph_Driver\src\stm32f4xx_fsmc.c 0x00000000   Number         0  stm32f4xx_fsmc.o ABSOLUTE
    ..\..\..\..\Libraries\STM32F4xx_StdPeriph_Driver\src\stm32f4xx_gpio.c 0x00000000   Number         0  stm32f4xx_gpio.o ABSOLUTE
    ..\..\..\..\Libraries\STM32F4xx_StdPeriph_Driver\src\stm32f4xx_i2c.c 0x00000000   Number         0  stm32f4xx_i2c.o ABSOLUTE
    ..\..\..\..\Libraries\STM32F4xx_StdPeriph_Driver\src\stm32f4xx_pwr.c 0x00000000   Number         0  stm32f4xx_pwr.o ABSOLUTE
    ..\..\..\..\Libraries\STM32F4xx_StdPeriph_Driver\src\stm32f4xx_rcc.c 0x00000000   Number         0  stm32f4xx_rcc.o ABSOLUTE
    ..\..\..\..\Libraries\STM32F4xx_StdPeriph_Driver\src\stm32f4xx_sdio.c 0x00000000   Number         0  stm32f4xx_sdio.o ABSOLUTE
    ..\..\..\..\Libraries\STM32F4xx_StdPeriph_Driver\src\stm32f4xx_spi.c 0x00000000   Number         0  stm32f4xx_spi.o ABSOLUTE
    ..\..\..\..\Libraries\STM32F4xx_StdPeriph_Driver\src\stm32f4xx_syscfg.c 0x00000000   Number         0  stm32f4xx_syscfg.o ABSOLUTE
    ..\..\..\..\Libraries\STM32F4xx_StdPeriph_Driver\src\stm32f4xx_usart.c 0x00000000   Number         0  stm32f4xx_usart.o ABSOLUTE
    ..\..\..\..\Libraries\STM32_USB_Device_Library\Class\cdc\src\usbd_cdc_core.c 0x00000000   Number         0  usbd_cdc_core.o ABSOLUTE
    ..\..\..\..\Libraries\STM32_USB_Device_Library\Core\src\usbd_core.c 0x00000000   Number         0  usbd_core.o ABSOLUTE
    ..\..\..\..\Libraries\STM32_USB_Device_Library\Core\src\usbd_ioreq.c 0x00000000   Number         0  usbd_ioreq.o ABSOLUTE
    ..\..\..\..\Libraries\STM32_USB_Device_Library\Core\src\usbd_req.c 0x00000000   Number         0  usbd_req.o ABSOLUTE
    ..\..\..\..\Libraries\STM32_USB_OTG_Driver\src\usb_core.c 0x00000000   Number         0  usb_core.o ABSOLUTE
    ..\..\..\..\Libraries\STM32_USB_OTG_Driver\src\usb_dcd.c 0x00000000   Number         0  usb_dcd.o ABSOLUTE
    ..\..\..\..\Libraries\STM32_USB_OTG_Driver\src\usb_dcd_int.c 0x00000000   Number         0  usb_dcd_int.o ABSOLUTE
    ..\..\..\..\Utilities\STM32_EVAL\Common\lcd_log.c 0x00000000   Number         0  lcd_log.o ABSOLUTE
    ..\..\..\..\Utilities\STM32_EVAL\STM3240_41_G_EVAL\stm324xg_eval.c 0x00000000   Number         0  stm324xg_eval.o ABSOLUTE
    ..\..\..\..\Utilities\STM32_EVAL\STM3240_41_G_EVAL\stm324xg_eval_ioe.c 0x00000000   Number         0  stm324xg_eval_ioe.o ABSOLUTE
    ..\..\..\..\Utilities\STM32_EVAL\STM3240_41_G_EVAL\stm324xg_eval_lcd.c 0x00000000   Number         0  stm324xg_eval_lcd.o ABSOLUTE
    ..\\..\\..\\..\\Libraries\\STM32F2xx_StdPeriph_Driver\\src\\misc.c 0x00000000   Number         0  misc.o ABSOLUTE
    ..\\..\\..\\..\\Libraries\\STM32F4xx_StdPeriph_Driver\\src\\stm32f4xx_dma.c 0x00000000   Number         0  stm32f4xx_dma.o ABSOLUTE
    ..\\..\\..\\..\\Libraries\\STM32F4xx_StdPeriph_Driver\\src\\stm32f4xx_exti.c 0x00000000   Number         0  stm32f4xx_exti.o ABSOLUTE
    ..\\..\\..\\..\\Libraries\\STM32F4xx_StdPeriph_Driver\\src\\stm32f4xx_flash.c 0x00000000   Number         0  stm32f4xx_flash.o ABSOLUTE
    ..\\..\\..\\..\\Libraries\\STM32F4xx_StdPeriph_Driver\\src\\stm32f4xx_fsmc.c 0x00000000   Number         0  stm32f4xx_fsmc.o ABSOLUTE
    ..\\..\\..\\..\\Libraries\\STM32F4xx_StdPeriph_Driver\\src\\stm32f4xx_gpio.c 0x00000000   Number         0  stm32f4xx_gpio.o ABSOLUTE
    ..\\..\\..\\..\\Libraries\\STM32F4xx_StdPeriph_Driver\\src\\stm32f4xx_i2c.c 0x00000000   Number         0  stm32f4xx_i2c.o ABSOLUTE
    ..\\..\\..\\..\\Libraries\\STM32F4xx_StdPeriph_Driver\\src\\stm32f4xx_pwr.c 0x00000000   Number         0  stm32f4xx_pwr.o ABSOLUTE
    ..\\..\\..\\..\\Libraries\\STM32F4xx_StdPeriph_Driver\\src\\stm32f4xx_rcc.c 0x00000000   Number         0  stm32f4xx_rcc.o ABSOLUTE
    ..\\..\\..\\..\\Libraries\\STM32F4xx_StdPeriph_Driver\\src\\stm32f4xx_sdio.c 0x00000000   Number         0  stm32f4xx_sdio.o ABSOLUTE
    ..\\..\\..\\..\\Libraries\\STM32F4xx_StdPeriph_Driver\\src\\stm32f4xx_spi.c 0x00000000   Number         0  stm32f4xx_spi.o ABSOLUTE
    ..\\..\\..\\..\\Libraries\\STM32F4xx_StdPeriph_Driver\\src\\stm32f4xx_syscfg.c 0x00000000   Number         0  stm32f4xx_syscfg.o ABSOLUTE
    ..\\..\\..\\..\\Libraries\\STM32F4xx_StdPeriph_Driver\\src\\stm32f4xx_usart.c 0x00000000   Number         0  stm32f4xx_usart.o ABSOLUTE
    ..\\..\\..\\..\\Libraries\\STM32_USB_Device_Library\\Class\\cdc\\src\\usbd_cdc_core.c 0x00000000   Number         0  usbd_cdc_core.o ABSOLUTE
    ..\\..\\..\\..\\Libraries\\STM32_USB_Device_Library\\Core\\src\\usbd_core.c 0x00000000   Number         0  usbd_core.o ABSOLUTE
    ..\\..\\..\\..\\Libraries\\STM32_USB_Device_Library\\Core\\src\\usbd_ioreq.c 0x00000000   Number         0  usbd_ioreq.o ABSOLUTE
    ..\\..\\..\\..\\Libraries\\STM32_USB_Device_Library\\Core\\src\\usbd_req.c 0x00000000   Number         0  usbd_req.o ABSOLUTE
    ..\\..\\..\\..\\Libraries\\STM32_USB_OTG_Driver\\src\\usb_core.c 0x00000000   Number         0  usb_core.o ABSOLUTE
    ..\\..\\..\\..\\Libraries\\STM32_USB_OTG_Driver\\src\\usb_dcd.c 0x00000000   Number         0  usb_dcd.o ABSOLUTE
    ..\\..\\..\\..\\Libraries\\STM32_USB_OTG_Driver\\src\\usb_dcd_int.c 0x00000000   Number         0  usb_dcd_int.o ABSOLUTE
    ..\\..\\..\\..\\Utilities\\STM32_EVAL\\Common\\lcd_log.c 0x00000000   Number         0  lcd_log.o ABSOLUTE
    ..\\..\\..\\..\\Utilities\\STM32_EVAL\\STM3240_41_G_EVAL\\stm324xg_eval.c 0x00000000   Number         0  stm324xg_eval.o ABSOLUTE
    ..\\..\\..\\..\\Utilities\\STM32_EVAL\\STM3240_41_G_EVAL\\stm324xg_eval_ioe.c 0x00000000   Number         0  stm324xg_eval_ioe.o ABSOLUTE
    ..\\..\\..\\..\\Utilities\\STM32_EVAL\\STM3240_41_G_EVAL\\stm324xg_eval_lcd.c 0x00000000   Number         0  stm324xg_eval_lcd.o ABSOLUTE
    ..\\src\\app.c                           0x00000000   Number         0  app.o ABSOLUTE
    ..\\src\\stm32fxxx_it.c                  0x00000000   Number         0  stm32fxxx_it.o ABSOLUTE
    ..\\src\\system_stm32f4xx.c              0x00000000   Number         0  system_stm32f4xx.o ABSOLUTE
    ..\\src\\usb_bsp.c                       0x00000000   Number         0  usb_bsp.o ABSOLUTE
    ..\\src\\usbd_cdc_vcp.c                  0x00000000   Number         0  usbd_cdc_vcp.o ABSOLUTE
    ..\\src\\usbd_desc.c                     0x00000000   Number         0  usbd_desc.o ABSOLUTE
    ..\\src\\usbd_usr.c                      0x00000000   Number         0  usbd_usr.o ABSOLUTE
    ..\src\app.c                             0x00000000   Number         0  app.o ABSOLUTE
    ..\src\stm32fxxx_it.c                    0x00000000   Number         0  stm32fxxx_it.o ABSOLUTE
    ..\src\system_stm32f4xx.c                0x00000000   Number         0  system_stm32f4xx.o ABSOLUTE
    ..\src\usb_bsp.c                         0x00000000   Number         0  usb_bsp.o ABSOLUTE
    ..\src\usbd_cdc_vcp.c                    0x00000000   Number         0  usbd_cdc_vcp.o ABSOLUTE
    ..\src\usbd_desc.c                       0x00000000   Number         0  usbd_desc.o ABSOLUTE
    ..\src\usbd_usr.c                        0x00000000   Number         0  usbd_usr.o ABSOLUTE
    cdcmple.s                                0x00000000   Number         0  cdcmple.o ABSOLUTE
    cdrcmple.s                               0x00000000   Number         0  cdrcmple.o ABSOLUTE
    dc.s                                     0x00000000   Number         0  dc.o ABSOLUTE
    handlers.s                               0x00000000   Number         0  handlers.o ABSOLUTE
    init.s                                   0x00000000   Number         0  init.o ABSOLUTE
    RESET                                    0x08000000   Section      392  startup_stm32f4xx.o(RESET)
    .ARM.Collect$$$$00000000                 0x08000188   Section        0  entry.o(.ARM.Collect$$$$00000000)
    .ARM.Collect$$$$00000001                 0x08000188   Section        4  entry2.o(.ARM.Collect$$$$00000001)
    .ARM.Collect$$$$00000004                 0x0800018c   Section        4  entry5.o(.ARM.Collect$$$$00000004)
    .ARM.Collect$$$$00000008                 0x08000190   Section        0  entry7b.o(.ARM.Collect$$$$00000008)
    .ARM.Collect$$$$0000000A                 0x08000190   Section        0  entry8b.o(.ARM.Collect$$$$0000000A)
    .ARM.Collect$$$$0000000B                 0x08000190   Section        8  entry9a.o(.ARM.Collect$$$$0000000B)
    .ARM.Collect$$$$0000000D                 0x08000198   Section        0  entry10a.o(.ARM.Collect$$$$0000000D)
    .ARM.Collect$$$$0000000F                 0x08000198   Section        0  entry11a.o(.ARM.Collect$$$$0000000F)
    .ARM.Collect$$$$00002712                 0x08000198   Section        4  entry2.o(.ARM.Collect$$$$00002712)
    __lit__00000000                          0x08000198   Data           4  entry2.o(.ARM.Collect$$$$00002712)
    .text                                    0x0800019c   Section       36  startup_stm32f4xx.o(.text)
    $v0                                      0x0800019c   Number         0  startup_stm32f4xx.o(.text)
    .text                                    0x080001c0   Section       36  init.o(.text)
    .text                                    0x080001e4   Section        0  __dczerorl2.o(.text)
    i.BusFault_Handler                       0x0800023a   Section        0  stm32fxxx_it.o(i.BusFault_Handler)
    i.DCD_EP_Close                           0x0800023c   Section        0  usb_dcd.o(i.DCD_EP_Close)
    i.DCD_EP_ClrStall                        0x08000268   Section        0  usb_dcd.o(i.DCD_EP_ClrStall)
    i.DCD_EP_Open                            0x080002a0   Section        0  usb_dcd.o(i.DCD_EP_Open)
    i.DCD_EP_PrepareRx                       0x080002dc   Section        0  usb_dcd.o(i.DCD_EP_PrepareRx)
    i.DCD_EP_SetAddress                      0x08000320   Section        0  usb_dcd.o(i.DCD_EP_SetAddress)
    i.DCD_EP_Stall                           0x08000330   Section        0  usb_dcd.o(i.DCD_EP_Stall)
    i.DCD_EP_Tx                              0x08000368   Section        0  usb_dcd.o(i.DCD_EP_Tx)
    i.DCD_HandleInEP_ISR                     0x080003a8   Section        0  usb_dcd_int.o(i.DCD_HandleInEP_ISR)
    DCD_HandleInEP_ISR                       0x080003a9   Thumb Code   198  usb_dcd_int.o(i.DCD_HandleInEP_ISR)
    i.DCD_HandleOutEP_ISR                    0x08000474   Section        0  usb_dcd_int.o(i.DCD_HandleOutEP_ISR)
    DCD_HandleOutEP_ISR                      0x08000475   Thumb Code   166  usb_dcd_int.o(i.DCD_HandleOutEP_ISR)
    i.DCD_HandleRxStatusQueueLevel_ISR       0x08000520   Section        0  usb_dcd_int.o(i.DCD_HandleRxStatusQueueLevel_ISR)
    DCD_HandleRxStatusQueueLevel_ISR         0x08000521   Thumb Code   124  usb_dcd_int.o(i.DCD_HandleRxStatusQueueLevel_ISR)
    i.DCD_HandleUSBSuspend_ISR               0x0800059c   Section        0  usb_dcd_int.o(i.DCD_HandleUSBSuspend_ISR)
    DCD_HandleUSBSuspend_ISR                 0x0800059d   Thumb Code   102  usb_dcd_int.o(i.DCD_HandleUSBSuspend_ISR)
    i.DCD_HandleUsbReset_ISR                 0x0800060c   Section        0  usb_dcd_int.o(i.DCD_HandleUsbReset_ISR)
    DCD_HandleUsbReset_ISR                   0x0800060d   Thumb Code   128  usb_dcd_int.o(i.DCD_HandleUsbReset_ISR)
    i.DCD_Init                               0x08000690   Section        0  usb_dcd.o(i.DCD_Init)
    i.DCD_WriteEmptyTxFifo                   0x08000724   Section        0  usb_dcd_int.o(i.DCD_WriteEmptyTxFifo)
    DCD_WriteEmptyTxFifo                     0x08000725   Thumb Code   126  usb_dcd_int.o(i.DCD_WriteEmptyTxFifo)
    i.DebugMon_Handler                       0x080007a2   Section        0  stm32fxxx_it.o(i.DebugMon_Handler)
    i.EXTI_ClearITPendingBit                 0x080007a4   Section        0  stm32f4xx_exti.o(i.EXTI_ClearITPendingBit)
    i.FSMC_NORSRAMCmd                        0x080007b0   Section        0  stm32f4xx_fsmc.o(i.FSMC_NORSRAMCmd)
    i.FSMC_NORSRAMInit                       0x080007d0   Section        0  stm32f4xx_fsmc.o(i.FSMC_NORSRAMInit)
    i.GPIO_Init                              0x08000898   Section        0  stm32f4xx_gpio.o(i.GPIO_Init)
    i.GPIO_PinAFConfig                       0x0800093a   Section        0  stm32f4xx_gpio.o(i.GPIO_PinAFConfig)
    i.Handle_USBAsynchXfer                   0x0800095c   Section        0  usbd_cdc_core.o(i.Handle_USBAsynchXfer)
    Handle_USBAsynchXfer                     0x0800095d   Thumb Code    94  usbd_cdc_core.o(i.Handle_USBAsynchXfer)
    i.HardFault_Handler                      0x080009c4   Section        0  stm32fxxx_it.o(i.HardFault_Handler)
    i.LCD_Clear                              0x080009c6   Section        0  stm324xg_eval_lcd.o(i.LCD_Clear)
    i.LCD_ClearLine                          0x080009ec   Section        0  stm324xg_eval_lcd.o(i.LCD_ClearLine)
    i.LCD_CtrlLinesConfig                    0x08000a1c   Section        0  stm324xg_eval_lcd.o(i.LCD_CtrlLinesConfig)
    i.LCD_DisplayChar                        0x08000b50   Section        0  stm324xg_eval_lcd.o(i.LCD_DisplayChar)
    i.LCD_DisplayStringLine                  0x08000b70   Section        0  stm324xg_eval_lcd.o(i.LCD_DisplayStringLine)
    i.LCD_DrawChar                           0x08000ba8   Section        0  stm324xg_eval_lcd.o(i.LCD_DrawChar)
    i.LCD_FSMCConfig                         0x08000c24   Section        0  stm324xg_eval_lcd.o(i.LCD_FSMCConfig)
    i.LCD_GetFont                            0x08000c7c   Section        0  stm324xg_eval_lcd.o(i.LCD_GetFont)
    i.LCD_LOG_DeInit                         0x08000c88   Section        0  lcd_log.o(i.LCD_LOG_DeInit)
    i.LCD_LOG_Init                           0x08000cb0   Section        0  lcd_log.o(i.LCD_LOG_Init)
    i.LCD_LOG_SetFooter                      0x08000cc0   Section        0  lcd_log.o(i.LCD_LOG_SetFooter)
    i.LCD_LOG_SetHeader                      0x08000d24   Section        0  lcd_log.o(i.LCD_LOG_SetHeader)
    i.LCD_LOG_UpdateDisplay                  0x08000db4   Section        0  lcd_log.o(i.LCD_LOG_UpdateDisplay)
    LCD_LOG_UpdateDisplay                    0x08000db5   Thumb Code   150  lcd_log.o(i.LCD_LOG_UpdateDisplay)
    i.LCD_ReadReg                            0x08000e54   Section        0  stm324xg_eval_lcd.o(i.LCD_ReadReg)
    i.LCD_SetBackColor                       0x08000e60   Section        0  stm324xg_eval_lcd.o(i.LCD_SetBackColor)
    i.LCD_SetCursor                          0x08000e70   Section        0  stm324xg_eval_lcd.o(i.LCD_SetCursor)
    i.LCD_SetFont                            0x08000e88   Section        0  stm324xg_eval_lcd.o(i.LCD_SetFont)
    i.LCD_SetTextColor                       0x08000e94   Section        0  stm324xg_eval_lcd.o(i.LCD_SetTextColor)
    i.LCD_WriteReg                           0x08000ea4   Section        0  stm324xg_eval_lcd.o(i.LCD_WriteReg)
    i.MemManage_Handler                      0x08000eae   Section        0  stm32fxxx_it.o(i.MemManage_Handler)
    i.NMI_Handler                            0x08000eb0   Section        0  stm32fxxx_it.o(i.NMI_Handler)
    i.NVIC_Init                              0x08000eb4   Section        0  misc.o(i.NVIC_Init)
    i.NVIC_PriorityGroupConfig               0x08000f18   Section        0  misc.o(i.NVIC_PriorityGroupConfig)
    i.OTG_FS_IRQHandler                      0x08000f2c   Section        0  stm32fxxx_it.o(i.OTG_FS_IRQHandler)
    i.OTG_FS_WKUP_IRQHandler                 0x08000f38   Section        0  stm32fxxx_it.o(i.OTG_FS_WKUP_IRQHandler)
    i.PendSV_Handler                         0x08000f68   Section        0  stm32fxxx_it.o(i.PendSV_Handler)
    i.RCC_AHB1PeriphClockCmd                 0x08000f6c   Section        0  stm32f4xx_rcc.o(i.RCC_AHB1PeriphClockCmd)
    i.RCC_AHB2PeriphClockCmd                 0x08000f84   Section        0  stm32f4xx_rcc.o(i.RCC_AHB2PeriphClockCmd)
    i.RCC_AHB3PeriphClockCmd                 0x08000f9c   Section        0  stm32f4xx_rcc.o(i.RCC_AHB3PeriphClockCmd)
    i.RCC_APB1PeriphClockCmd                 0x08000fb4   Section        0  stm32f4xx_rcc.o(i.RCC_APB1PeriphClockCmd)
    i.RCC_APB2PeriphClockCmd                 0x08000fcc   Section        0  stm32f4xx_rcc.o(i.RCC_APB2PeriphClockCmd)
    i.RCC_GetClocksFreq                      0x08000fe4   Section        0  stm32f4xx_rcc.o(i.RCC_GetClocksFreq)
    i.STM324xG_LCD_Init                      0x08001074   Section        0  stm324xg_eval_lcd.o(i.STM324xG_LCD_Init)
    i.STM_EVAL_COMInit                       0x08001480   Section        0  stm324xg_eval.o(i.STM_EVAL_COMInit)
    i.STM_EVAL_LEDInit                       0x08001540   Section        0  stm324xg_eval.o(i.STM_EVAL_LEDInit)
    i.STM_EVAL_LEDToggle                     0x08001588   Section        0  stm324xg_eval.o(i.STM_EVAL_LEDToggle)
    i.SVC_Handler                            0x080015a4   Section        0  stm32fxxx_it.o(i.SVC_Handler)
    i.SetSysClock                            0x080015a8   Section        0  system_stm32f4xx.o(i.SetSysClock)
    SetSysClock                              0x080015a9   Thumb Code   162  system_stm32f4xx.o(i.SetSysClock)
    i.SysTick_Handler                        0x0800165c   Section        0  stm32fxxx_it.o(i.SysTick_Handler)
    i.SystemInit                             0x08001674   Section        0  system_stm32f4xx.o(i.SystemInit)
    i.USART3_IRQHandler                      0x080016d0   Section        0  usbd_cdc_vcp.o(i.USART3_IRQHandler)
    i.USART_Cmd                              0x08001704   Section        0  stm32f4xx_usart.o(i.USART_Cmd)
    i.USART_GetFlagStatus                    0x08001718   Section        0  stm32f4xx_usart.o(i.USART_GetFlagStatus)
    i.USART_GetITStatus                      0x08001726   Section        0  stm32f4xx_usart.o(i.USART_GetITStatus)
    i.USART_ITConfig                         0x08001764   Section        0  stm32f4xx_usart.o(i.USART_ITConfig)
    i.USART_Init                             0x08001794   Section        0  stm32f4xx_usart.o(i.USART_Init)
    i.USART_ReceiveData                      0x08001840   Section        0  stm32f4xx_usart.o(i.USART_ReceiveData)
    i.USART_SendData                         0x08001848   Section        0  stm32f4xx_usart.o(i.USART_SendData)
    i.USBD_ClrCfg                            0x08001850   Section        0  usbd_core.o(i.USBD_ClrCfg)
    i.USBD_CtlContinueRx                     0x0800185e   Section        0  usbd_ioreq.o(i.USBD_CtlContinueRx)
    i.USBD_CtlContinueSendData               0x08001870   Section        0  usbd_ioreq.o(i.USBD_CtlContinueSendData)
    i.USBD_CtlError                          0x08001882   Section        0  usbd_req.o(i.USBD_CtlError)
    i.USBD_CtlPrepareRx                      0x0800189e   Section        0  usbd_ioreq.o(i.USBD_CtlPrepareRx)
    i.USBD_CtlReceiveStatus                  0x080018be   Section        0  usbd_ioreq.o(i.USBD_CtlReceiveStatus)
    i.USBD_CtlSendData                       0x080018e0   Section        0  usbd_ioreq.o(i.USBD_CtlSendData)
    i.USBD_CtlSendStatus                     0x08001900   Section        0  usbd_ioreq.o(i.USBD_CtlSendStatus)
    i.USBD_DataInStage                       0x08001924   Section        0  usbd_core.o(i.USBD_DataInStage)
    USBD_DataInStage                         0x08001925   Thumb Code   172  usbd_core.o(i.USBD_DataInStage)
    i.USBD_DataOutStage                      0x080019d4   Section        0  usbd_core.o(i.USBD_DataOutStage)
    USBD_DataOutStage                        0x080019d5   Thumb Code   120  usbd_core.o(i.USBD_DataOutStage)
    i.USBD_DevConnected                      0x08001a4c   Section        0  usbd_core.o(i.USBD_DevConnected)
    USBD_DevConnected                        0x08001a4d   Thumb Code    22  usbd_core.o(i.USBD_DevConnected)
    i.USBD_DevDisconnected                   0x08001a62   Section        0  usbd_core.o(i.USBD_DevDisconnected)
    USBD_DevDisconnected                     0x08001a63   Thumb Code    32  usbd_core.o(i.USBD_DevDisconnected)
    i.USBD_GetDescriptor                     0x08001a82   Section        0  usbd_req.o(i.USBD_GetDescriptor)
    USBD_GetDescriptor                       0x08001a83   Thumb Code   206  usbd_req.o(i.USBD_GetDescriptor)
    i.USBD_GetString                         0x08001b50   Section        0  usbd_req.o(i.USBD_GetString)
    i.USBD_Init                              0x08001b96   Section        0  usbd_core.o(i.USBD_Init)
    i.USBD_IsoINIncomplete                   0x08001bca   Section        0  usbd_core.o(i.USBD_IsoINIncomplete)
    USBD_IsoINIncomplete                     0x08001bcb   Thumb Code    14  usbd_core.o(i.USBD_IsoINIncomplete)
    i.USBD_IsoOUTIncomplete                  0x08001bd8   Section        0  usbd_core.o(i.USBD_IsoOUTIncomplete)
    USBD_IsoOUTIncomplete                    0x08001bd9   Thumb Code    14  usbd_core.o(i.USBD_IsoOUTIncomplete)
    i.USBD_OTG_ISR_Handler                   0x08001be8   Section        0  usb_dcd_int.o(i.USBD_OTG_ISR_Handler)
    i.USBD_ParseSetupRequest                 0x08001d60   Section        0  usbd_req.o(i.USBD_ParseSetupRequest)
    i.USBD_Reset                             0x08001da4   Section        0  usbd_core.o(i.USBD_Reset)
    USBD_Reset                               0x08001da5   Thumb Code    46  usbd_core.o(i.USBD_Reset)
    i.USBD_Resume                            0x08001dd2   Section        0  usbd_core.o(i.USBD_Resume)
    USBD_Resume                              0x08001dd3   Thumb Code    22  usbd_core.o(i.USBD_Resume)
    i.USBD_SOF                               0x08001de8   Section        0  usbd_core.o(i.USBD_SOF)
    USBD_SOF                                 0x08001de9   Thumb Code    16  usbd_core.o(i.USBD_SOF)
    i.USBD_SetCfg                            0x08001df8   Section        0  usbd_core.o(i.USBD_SetCfg)
    i.USBD_SetConfig                         0x08001e14   Section        0  usbd_req.o(i.USBD_SetConfig)
    USBD_SetConfig                           0x08001e15   Thumb Code   112  usbd_req.o(i.USBD_SetConfig)
    i.USBD_SetFeature                        0x08001e88   Section        0  usbd_req.o(i.USBD_SetFeature)
    USBD_SetFeature                          0x08001e89   Thumb Code   118  usbd_req.o(i.USBD_SetFeature)
    i.USBD_SetupStage                        0x08001f04   Section        0  usbd_core.o(i.USBD_SetupStage)
    USBD_SetupStage                          0x08001f05   Thumb Code    72  usbd_core.o(i.USBD_SetupStage)
    i.USBD_StdDevReq                         0x08001f4c   Section        0  usbd_req.o(i.USBD_StdDevReq)
    i.USBD_StdEPReq                          0x0800203c   Section        0  usbd_req.o(i.USBD_StdEPReq)
    i.USBD_StdItfReq                         0x08002110   Section        0  usbd_req.o(i.USBD_StdItfReq)
    i.USBD_Suspend                           0x08002146   Section        0  usbd_core.o(i.USBD_Suspend)
    USBD_Suspend                             0x08002147   Thumb Code    28  usbd_core.o(i.USBD_Suspend)
    i.USBD_USR_ConfigStrDescriptor           0x08002164   Section        0  usbd_desc.o(i.USBD_USR_ConfigStrDescriptor)
    i.USBD_USR_DeviceConfigured              0x08002184   Section        0  usbd_usr.o(i.USBD_USR_DeviceConfigured)
    i.USBD_USR_DeviceConnected               0x080021b8   Section        0  usbd_usr.o(i.USBD_USR_DeviceConnected)
    i.USBD_USR_DeviceDescriptor              0x080021e8   Section        0  usbd_desc.o(i.USBD_USR_DeviceDescriptor)
    i.USBD_USR_DeviceDisconnected            0x080021f4   Section        0  usbd_usr.o(i.USBD_USR_DeviceDisconnected)
    i.USBD_USR_DeviceReset                   0x08002224   Section        0  usbd_usr.o(i.USBD_USR_DeviceReset)
    i.USBD_USR_DeviceResumed                 0x080022a4   Section        0  usbd_usr.o(i.USBD_USR_DeviceResumed)
    i.USBD_USR_DeviceSuspended               0x080022d4   Section        0  usbd_usr.o(i.USBD_USR_DeviceSuspended)
    i.USBD_USR_Init                          0x08002308   Section        0  usbd_usr.o(i.USBD_USR_Init)
    i.USBD_USR_InterfaceStrDescriptor        0x080023a4   Section        0  usbd_desc.o(i.USBD_USR_InterfaceStrDescriptor)
    i.USBD_USR_LangIDStrDescriptor           0x080023c8   Section        0  usbd_desc.o(i.USBD_USR_LangIDStrDescriptor)
    i.USBD_USR_ManufacturerStrDescriptor     0x080023d4   Section        0  usbd_desc.o(i.USBD_USR_ManufacturerStrDescriptor)
    i.USBD_USR_ProductStrDescriptor          0x080023fc   Section        0  usbd_desc.o(i.USBD_USR_ProductStrDescriptor)
    i.USBD_USR_SerialStrDescriptor           0x08002460   Section        0  usbd_desc.o(i.USBD_USR_SerialStrDescriptor)
    i.USBD_cdc_GetCfgDesc                    0x0800249c   Section        0  usbd_cdc_core.o(i.USBD_cdc_GetCfgDesc)
    USBD_cdc_GetCfgDesc                      0x0800249d   Thumb Code     8  usbd_cdc_core.o(i.USBD_cdc_GetCfgDesc)
    i.USB_OTG_BSP_EnableInterrupt            0x080024a8   Section        0  usb_bsp.o(i.USB_OTG_BSP_EnableInterrupt)
    i.USB_OTG_BSP_Init                       0x080024d0   Section        0  usb_bsp.o(i.USB_OTG_BSP_Init)
    i.USB_OTG_BSP_mDelay                     0x08002578   Section        0  usb_bsp.o(i.USB_OTG_BSP_mDelay)
    i.USB_OTG_BSP_uDelay                     0x08002582   Section        0  usb_bsp.o(i.USB_OTG_BSP_uDelay)
    i.USB_OTG_CoreInit                       0x08002598   Section        0  usb_core.o(i.USB_OTG_CoreInit)
    i.USB_OTG_CoreInitDev                    0x08002618   Section        0  usb_core.o(i.USB_OTG_CoreInitDev)
    i.USB_OTG_CoreReset                      0x08002748   Section        0  usb_core.o(i.USB_OTG_CoreReset)
    USB_OTG_CoreReset                        0x08002749   Thumb Code    84  usb_core.o(i.USB_OTG_CoreReset)
    i.USB_OTG_DisableGlobalInt               0x080027a0   Section        0  usb_core.o(i.USB_OTG_DisableGlobalInt)
    i.USB_OTG_EP0Activate                    0x080027b0   Section        0  usb_core.o(i.USB_OTG_EP0Activate)
    i.USB_OTG_EP0StartXfer                   0x080027ec   Section        0  usb_core.o(i.USB_OTG_EP0StartXfer)
    i.USB_OTG_EP0_OutStart                   0x080028a4   Section        0  usb_core.o(i.USB_OTG_EP0_OutStart)
    i.USB_OTG_EPActivate                     0x080028c8   Section        0  usb_core.o(i.USB_OTG_EPActivate)
    i.USB_OTG_EPClearStall                   0x0800291a   Section        0  usb_core.o(i.USB_OTG_EPClearStall)
    i.USB_OTG_EPDeactivate                   0x0800294c   Section        0  usb_core.o(i.USB_OTG_EPDeactivate)
    i.USB_OTG_EPSetStall                     0x08002980   Section        0  usb_core.o(i.USB_OTG_EPSetStall)
    i.USB_OTG_EPStartXfer                    0x080029b0   Section        0  usb_core.o(i.USB_OTG_EPStartXfer)
    i.USB_OTG_EnableDevInt                   0x08002ad0   Section        0  usb_core.o(i.USB_OTG_EnableDevInt)
    i.USB_OTG_EnableGlobalInt                0x08002b20   Section        0  usb_core.o(i.USB_OTG_EnableGlobalInt)
    i.USB_OTG_FlushRxFifo                    0x08002b30   Section        0  usb_core.o(i.USB_OTG_FlushRxFifo)
    i.USB_OTG_FlushTxFifo                    0x08002b68   Section        0  usb_core.o(i.USB_OTG_FlushTxFifo)
    i.USB_OTG_GetDeviceSpeed                 0x08002ba8   Section        0  usb_core.o(i.USB_OTG_GetDeviceSpeed)
    i.USB_OTG_InitDevSpeed                   0x08002bce   Section        0  usb_core.o(i.USB_OTG_InitDevSpeed)
    i.USB_OTG_IsDeviceMode                   0x08002bda   Section        0  usb_core.o(i.USB_OTG_IsDeviceMode)
    i.USB_OTG_ReadCoreItr                    0x08002bec   Section        0  usb_core.o(i.USB_OTG_ReadCoreItr)
    i.USB_OTG_ReadDevAllInEPItr              0x08002bf6   Section        0  usb_core.o(i.USB_OTG_ReadDevAllInEPItr)
    i.USB_OTG_ReadDevAllOutEp_itr            0x08002c02   Section        0  usb_core.o(i.USB_OTG_ReadDevAllOutEp_itr)
    i.USB_OTG_ReadDevOutEP_itr               0x08002c0e   Section        0  usb_core.o(i.USB_OTG_ReadDevOutEP_itr)
    i.USB_OTG_ReadPacket                     0x08002c1e   Section        0  usb_core.o(i.USB_OTG_ReadPacket)
    i.USB_OTG_SelectCore                     0x08002c40   Section        0  usb_core.o(i.USB_OTG_SelectCore)
    i.USB_OTG_SetCurrentMode                 0x08002d00   Section        0  usb_core.o(i.USB_OTG_SetCurrentMode)
    i.USB_OTG_UngateClock                    0x08002d2a   Section        0  usb_core.o(i.USB_OTG_UngateClock)
    i.USB_OTG_WritePacket                    0x08002d48   Section        0  usb_core.o(i.USB_OTG_WritePacket)
    i.UsageFault_Handler                     0x08002d70   Section        0  stm32fxxx_it.o(i.UsageFault_Handler)
    i.VCP_COMConfig                          0x08002d74   Section        0  usbd_cdc_vcp.o(i.VCP_COMConfig)
    VCP_COMConfig                            0x08002d75   Thumb Code   162  usbd_cdc_vcp.o(i.VCP_COMConfig)
    i.VCP_Ctrl                               0x08002e24   Section        0  usbd_cdc_vcp.o(i.VCP_Ctrl)
    VCP_Ctrl                                 0x08002e25   Thumb Code    86  usbd_cdc_vcp.o(i.VCP_Ctrl)
    i.VCP_DataRx                             0x08002e80   Section        0  usbd_cdc_vcp.o(i.VCP_DataRx)
    VCP_DataRx                               0x08002e81   Thumb Code    46  usbd_cdc_vcp.o(i.VCP_DataRx)
    i.VCP_DataTx                             0x08002eb4   Section        0  usbd_cdc_vcp.o(i.VCP_DataTx)
    VCP_DataTx                               0x08002eb5   Thumb Code    60  usbd_cdc_vcp.o(i.VCP_DataTx)
    i.VCP_DeInit                             0x08002f00   Section        0  usbd_cdc_vcp.o(i.VCP_DeInit)
    VCP_DeInit                               0x08002f01   Thumb Code     4  usbd_cdc_vcp.o(i.VCP_DeInit)
    i.VCP_Init                               0x08002f04   Section        0  usbd_cdc_vcp.o(i.VCP_Init)
    VCP_Init                                 0x08002f05   Thumb Code    78  usbd_cdc_vcp.o(i.VCP_Init)
    i.__0printf$bare                         0x08002f5c   Section        0  printfb.o(i.__0printf$bare)
    i.__scatterload_copy                     0x08002f6c   Section       14  handlers.o(i.__scatterload_copy)
    i.__scatterload_null                     0x08002f7a   Section        2  handlers.o(i.__scatterload_null)
    i.__scatterload_zeroinit                 0x08002f7c   Section       14  handlers.o(i.__scatterload_zeroinit)
    i._printf_core                           0x08002f8a   Section        0  printfb.o(i._printf_core)
    _printf_core                             0x08002f8b   Thumb Code    34  printfb.o(i._printf_core)
    i.delay                                  0x08002fac   Section        0  stm324xg_eval_lcd.o(i.delay)
    delay                                    0x08002fad   Thumb Code    22  stm324xg_eval_lcd.o(i.delay)
    i.fputc                                  0x08002fc8   Section        0  lcd_log.o(i.fputc)
    i.main                                   0x080030c4   Section        0  app.o(i.main)
    i.usbd_cdc_DataIn                        0x08003114   Section        0  usbd_cdc_core.o(i.usbd_cdc_DataIn)
    usbd_cdc_DataIn                          0x08003115   Thumb Code    64  usbd_cdc_core.o(i.usbd_cdc_DataIn)
    i.usbd_cdc_DataOut                       0x0800315c   Section        0  usbd_cdc_core.o(i.usbd_cdc_DataOut)
    usbd_cdc_DataOut                         0x0800315d   Thumb Code    42  usbd_cdc_core.o(i.usbd_cdc_DataOut)
    i.usbd_cdc_DeInit                        0x08003190   Section        0  usbd_cdc_core.o(i.usbd_cdc_DeInit)
    usbd_cdc_DeInit                          0x08003191   Thumb Code    36  usbd_cdc_core.o(i.usbd_cdc_DeInit)
    i.usbd_cdc_EP0_RxReady                   0x080031b8   Section        0  usbd_cdc_core.o(i.usbd_cdc_EP0_RxReady)
    usbd_cdc_EP0_RxReady                     0x080031b9   Thumb Code    30  usbd_cdc_core.o(i.usbd_cdc_EP0_RxReady)
    i.usbd_cdc_Init                          0x080031e0   Section        0  usbd_cdc_core.o(i.usbd_cdc_Init)
    usbd_cdc_Init                            0x080031e1   Thumb Code    70  usbd_cdc_core.o(i.usbd_cdc_Init)
    i.usbd_cdc_SOF                           0x08003234   Section        0  usbd_cdc_core.o(i.usbd_cdc_SOF)
    usbd_cdc_SOF                             0x08003235   Thumb Code    26  usbd_cdc_core.o(i.usbd_cdc_SOF)
    i.usbd_cdc_Setup                         0x08003254   Section        0  usbd_cdc_core.o(i.usbd_cdc_Setup)
    usbd_cdc_Setup                           0x08003255   Thumb Code   172  usbd_cdc_core.o(i.usbd_cdc_Setup)
    .constdata                               0x08003308   Section     4560  stm324xg_eval_lcd.o(.constdata)
    .constdata                               0x080044d8   Section     2304  stm324xg_eval_lcd.o(.constdata)
    .constdata                               0x08004dd8   Section     2304  stm324xg_eval_lcd.o(.constdata)
    .constdata                               0x080056d8   Section       92  stm324xg_eval.o(.constdata)
    .data                                    0x20000000   Section       28  usbd_usr.o(.data)
    .data                                    0x2000001c   Section        8  usbd_cdc_vcp.o(.data)
    .data                                    0x20000024   Section       20  usbd_cdc_vcp.o(.data)
    .data                                    0x20000038   Section       28  usbd_desc.o(.data)
    .data                                    0x20000054   Section       22  usbd_desc.o(.data)
    .data                                    0x2000006c   Section       16  usbd_req.o(.data)
    cfgidx                                   0x2000006c   Data           1  usbd_req.o(.data)
    .data                                    0x2000007c   Section       44  usbd_core.o(.data)
    .data                                    0x200000a8   Section        4  usbd_core.o(.data)
    .data                                    0x200000ac   Section        4  usbd_core.o(.data)
    .data                                    0x200000b0   Section      107  usbd_cdc_core.o(.data)
    usbd_cdc_AltSet                          0x200000b4   Data           4  usbd_cdc_core.o(.data)
    cdcCmd                                   0x200000c4   Data           4  usbd_cdc_core.o(.data)
    cdcLen                                   0x200000c8   Data           4  usbd_cdc_core.o(.data)
    FrameCount                               0x200000cc   Data           4  usbd_cdc_core.o(.data)
    .data                                    0x2000011c   Section       44  usbd_cdc_core.o(.data)
    .data                                    0x20000148   Section       18  lcd_log.o(.data)
    .data                                    0x2000015a   Section       16  stm32f4xx_rcc.o(.data)
    APBAHBPrescTable                         0x2000015a   Data          16  stm32f4xx_rcc.o(.data)
    .data                                    0x2000016c   Section       16  stm324xg_eval_lcd.o(.data)
    LCD_Currentfonts                         0x20000170   Data           4  stm324xg_eval_lcd.o(.data)
    .data                                    0x2000017c   Section        8  stm324xg_eval_lcd.o(.data)
    .data                                    0x20000184   Section        8  stm324xg_eval_lcd.o(.data)
    .data                                    0x2000018c   Section       44  stm324xg_eval.o(.data)
    .data                                    0x200001b8   Section        4  stdout.o(.data)
    .bss                                     0x200001bc   Section     1524  app.o(.bss)
    .bss                                     0x200007b0   Section       16  usbd_cdc_vcp.o(.bss)
    .bss                                     0x200007c0   Section      255  usbd_req.o(.bss)
    .bss                                     0x200008bf   Section     2112  usbd_cdc_core.o(.bss)
    .bss                                     0x20001100   Section      468  lcd_log.o(.bss)
    STACK                                    0x200012d8   Section     1024  startup_stm32f4xx.o(STACK)

    Global Symbols

    Symbol Name                              Value     Ov Type        Size  Object(Section)

    BuildAttributes$$THM_ISAv4$E$P$D$K$B$S$7EM$VFPi3$EXTD16$VFPS$VFMA$PE$A:L22UL41UL21$X:L11$S22US41US21$IEEE1$IW$USESV6$~STKCKD$USESV7$~SHL$OSPACE$ROPI$EBA8$MICROLIB$REQ8$PRES8$EABIv2 0x00000000   Number         0  anon$$obj.o ABSOLUTE
    __ARM_use_no_argv                        0x00000000   Number         0  app.o ABSOLUTE
    __cpp_initialize__aeabi_                  - Undefined Weak Reference
    __cxa_finalize                            - Undefined Weak Reference
    _clock_init                               - Undefined Weak Reference
    _microlib_exit                            - Undefined Weak Reference
    __Vectors_Size                           0x00000188   Number         0  startup_stm32f4xx.o ABSOLUTE
    __Vectors                                0x08000000   Data           4  startup_stm32f4xx.o(RESET)
    __Vectors_End                            0x08000188   Data           0  startup_stm32f4xx.o(RESET)
    __main                                   0x08000189   Thumb Code     0  entry.o(.ARM.Collect$$$$00000000)
    _main_stk                                0x08000189   Thumb Code     0  entry2.o(.ARM.Collect$$$$00000001)
    _main_scatterload                        0x0800018d   Thumb Code     0  entry5.o(.ARM.Collect$$$$00000004)
    __main_after_scatterload                 0x08000191   Thumb Code     0  entry5.o(.ARM.Collect$$$$00000004)
    _main_clock                              0x08000191   Thumb Code     0  entry7b.o(.ARM.Collect$$$$00000008)
    _main_cpp_init                           0x08000191   Thumb Code     0  entry8b.o(.ARM.Collect$$$$0000000A)
    _main_init                               0x08000191   Thumb Code     0  entry9a.o(.ARM.Collect$$$$0000000B)
    __rt_final_cpp                           0x08000199   Thumb Code     0  entry10a.o(.ARM.Collect$$$$0000000D)
    __rt_final_exit                          0x08000199   Thumb Code     0  entry11a.o(.ARM.Collect$$$$0000000F)
    Reset_Handler                            0x0800019d   Thumb Code     8  startup_stm32f4xx.o(.text)
    ADC_IRQHandler                           0x080001b7   Thumb Code     0  startup_stm32f4xx.o(.text)
    CAN1_RX0_IRQHandler                      0x080001b7   Thumb Code     0  startup_stm32f4xx.o(.text)
    CAN1_RX1_IRQHandler                      0x080001b7   Thumb Code     0  startup_stm32f4xx.o(.text)
    CAN1_SCE_IRQHandler                      0x080001b7   Thumb Code     0  startup_stm32f4xx.o(.text)
    CAN1_TX_IRQHandler                       0x080001b7   Thumb Code     0  startup_stm32f4xx.o(.text)
    CAN2_RX0_IRQHandler                      0x080001b7   Thumb Code     0  startup_stm32f4xx.o(.text)
    CAN2_RX1_IRQHandler                      0x080001b7   Thumb Code     0  startup_stm32f4xx.o(.text)
    CAN2_SCE_IRQHandler                      0x080001b7   Thumb Code     0  startup_stm32f4xx.o(.text)
    CAN2_TX_IRQHandler                       0x080001b7   Thumb Code     0  startup_stm32f4xx.o(.text)
    CRYP_IRQHandler                          0x080001b7   Thumb Code     0  startup_stm32f4xx.o(.text)
    DCMI_IRQHandler                          0x080001b7   Thumb Code     0  startup_stm32f4xx.o(.text)
    DMA1_Stream0_IRQHandler                  0x080001b7   Thumb Code     0  startup_stm32f4xx.o(.text)
    DMA1_Stream1_IRQHandler                  0x080001b7   Thumb Code     0  startup_stm32f4xx.o(.text)
    DMA1_Stream2_IRQHandler                  0x080001b7   Thumb Code     0  startup_stm32f4xx.o(.text)
    DMA1_Stream3_IRQHandler                  0x080001b7   Thumb Code     0  startup_stm32f4xx.o(.text)
    DMA1_Stream4_IRQHandler                  0x080001b7   Thumb Code     0  startup_stm32f4xx.o(.text)
    DMA1_Stream5_IRQHandler                  0x080001b7   Thumb Code     0  startup_stm32f4xx.o(.text)
    DMA1_Stream6_IRQHandler                  0x080001b7   Thumb Code     0  startup_stm32f4xx.o(.text)
    DMA1_Stream7_IRQHandler                  0x080001b7   Thumb Code     0  startup_stm32f4xx.o(.text)
    DMA2_Stream0_IRQHandler                  0x080001b7   Thumb Code     0  startup_stm32f4xx.o(.text)
    DMA2_Stream1_IRQHandler                  0x080001b7   Thumb Code     0  startup_stm32f4xx.o(.text)
    DMA2_Stream2_IRQHandler                  0x080001b7   Thumb Code     0  startup_stm32f4xx.o(.text)
    DMA2_Stream3_IRQHandler                  0x080001b7   Thumb Code     0  startup_stm32f4xx.o(.text)
    DMA2_Stream4_IRQHandler                  0x080001b7   Thumb Code     0  startup_stm32f4xx.o(.text)
    DMA2_Stream5_IRQHandler                  0x080001b7   Thumb Code     0  startup_stm32f4xx.o(.text)
    DMA2_Stream6_IRQHandler                  0x080001b7   Thumb Code     0  startup_stm32f4xx.o(.text)
    DMA2_Stream7_IRQHandler                  0x080001b7   Thumb Code     0  startup_stm32f4xx.o(.text)
    ETH_IRQHandler                           0x080001b7   Thumb Code     0  startup_stm32f4xx.o(.text)
    ETH_WKUP_IRQHandler                      0x080001b7   Thumb Code     0  startup_stm32f4xx.o(.text)
    EXTI0_IRQHandler                         0x080001b7   Thumb Code     0  startup_stm32f4xx.o(.text)
    EXTI15_10_IRQHandler                     0x080001b7   Thumb Code     0  startup_stm32f4xx.o(.text)
    EXTI1_IRQHandler                         0x080001b7   Thumb Code     0  startup_stm32f4xx.o(.text)
    EXTI2_IRQHandler                         0x080001b7   Thumb Code     0  startup_stm32f4xx.o(.text)
    EXTI3_IRQHandler                         0x080001b7   Thumb Code     0  startup_stm32f4xx.o(.text)
    EXTI4_IRQHandler                         0x080001b7   Thumb Code     0  startup_stm32f4xx.o(.text)
    EXTI9_5_IRQHandler                       0x080001b7   Thumb Code     0  startup_stm32f4xx.o(.text)
    FLASH_IRQHandler                         0x080001b7   Thumb Code     0  startup_stm32f4xx.o(.text)
    FPU_IRQHandler                           0x080001b7   Thumb Code     0  startup_stm32f4xx.o(.text)
    FSMC_IRQHandler                          0x080001b7   Thumb Code     0  startup_stm32f4xx.o(.text)
    HASH_RNG_IRQHandler                      0x080001b7   Thumb Code     0  startup_stm32f4xx.o(.text)
    I2C1_ER_IRQHandler                       0x080001b7   Thumb Code     0  startup_stm32f4xx.o(.text)
    I2C1_EV_IRQHandler                       0x080001b7   Thumb Code     0  startup_stm32f4xx.o(.text)
    I2C2_ER_IRQHandler                       0x080001b7   Thumb Code     0  startup_stm32f4xx.o(.text)
    I2C2_EV_IRQHandler                       0x080001b7   Thumb Code     0  startup_stm32f4xx.o(.text)
    I2C3_ER_IRQHandler                       0x080001b7   Thumb Code     0  startup_stm32f4xx.o(.text)
    I2C3_EV_IRQHandler                       0x080001b7   Thumb Code     0  startup_stm32f4xx.o(.text)
    OTG_HS_EP1_IN_IRQHandler                 0x080001b7   Thumb Code     0  startup_stm32f4xx.o(.text)
    OTG_HS_EP1_OUT_IRQHandler                0x080001b7   Thumb Code     0  startup_stm32f4xx.o(.text)
    OTG_HS_IRQHandler                        0x080001b7   Thumb Code     0  startup_stm32f4xx.o(.text)
    OTG_HS_WKUP_IRQHandler                   0x080001b7   Thumb Code     0  startup_stm32f4xx.o(.text)
    PVD_IRQHandler                           0x080001b7   Thumb Code     0  startup_stm32f4xx.o(.text)
    RCC_IRQHandler                           0x080001b7   Thumb Code     0  startup_stm32f4xx.o(.text)
    RTC_Alarm_IRQHandler                     0x080001b7   Thumb Code     0  startup_stm32f4xx.o(.text)
    RTC_WKUP_IRQHandler                      0x080001b7   Thumb Code     0  startup_stm32f4xx.o(.text)
    SDIO_IRQHandler                          0x080001b7   Thumb Code     0  startup_stm32f4xx.o(.text)
    SPI1_IRQHandler                          0x080001b7   Thumb Code     0  startup_stm32f4xx.o(.text)
    SPI2_IRQHandler                          0x080001b7   Thumb Code     0  startup_stm32f4xx.o(.text)
    SPI3_IRQHandler                          0x080001b7   Thumb Code     0  startup_stm32f4xx.o(.text)
    TAMP_STAMP_IRQHandler                    0x080001b7   Thumb Code     0  startup_stm32f4xx.o(.text)
    TIM1_BRK_TIM9_IRQHandler                 0x080001b7   Thumb Code     0  startup_stm32f4xx.o(.text)
    TIM1_CC_IRQHandler                       0x080001b7   Thumb Code     0  startup_stm32f4xx.o(.text)
    TIM1_TRG_COM_TIM11_IRQHandler            0x080001b7   Thumb Code     0  startup_stm32f4xx.o(.text)
    TIM1_UP_TIM10_IRQHandler                 0x080001b7   Thumb Code     0  startup_stm32f4xx.o(.text)
    TIM2_IRQHandler                          0x080001b7   Thumb Code     0  startup_stm32f4xx.o(.text)
    TIM3_IRQHandler                          0x080001b7   Thumb Code     0  startup_stm32f4xx.o(.text)
    TIM4_IRQHandler                          0x080001b7   Thumb Code     0  startup_stm32f4xx.o(.text)
    TIM5_IRQHandler                          0x080001b7   Thumb Code     0  startup_stm32f4xx.o(.text)
    TIM6_DAC_IRQHandler                      0x080001b7   Thumb Code     0  startup_stm32f4xx.o(.text)
    TIM7_IRQHandler                          0x080001b7   Thumb Code     0  startup_stm32f4xx.o(.text)
    TIM8_BRK_TIM12_IRQHandler                0x080001b7   Thumb Code     0  startup_stm32f4xx.o(.text)
    TIM8_CC_IRQHandler                       0x080001b7   Thumb Code     0  startup_stm32f4xx.o(.text)
    TIM8_TRG_COM_TIM14_IRQHandler            0x080001b7   Thumb Code     0  startup_stm32f4xx.o(.text)
    TIM8_UP_TIM13_IRQHandler                 0x080001b7   Thumb Code     0  startup_stm32f4xx.o(.text)
    UART4_IRQHandler                         0x080001b7   Thumb Code     0  startup_stm32f4xx.o(.text)
    UART5_IRQHandler                         0x080001b7   Thumb Code     0  startup_stm32f4xx.o(.text)
    USART1_IRQHandler                        0x080001b7   Thumb Code     0  startup_stm32f4xx.o(.text)
    USART2_IRQHandler                        0x080001b7   Thumb Code     0  startup_stm32f4xx.o(.text)
    USART6_IRQHandler                        0x080001b7   Thumb Code     0  startup_stm32f4xx.o(.text)
    WWDG_IRQHandler                          0x080001b7   Thumb Code     0  startup_stm32f4xx.o(.text)
    __scatterload                            0x080001c1   Thumb Code    28  init.o(.text)
    __scatterload_rt2                        0x080001c1   Thumb Code     0  init.o(.text)
    __decompress                             0x080001e5   Thumb Code     0  __dczerorl2.o(.text)
    __decompress1                            0x080001e5   Thumb Code    86  __dczerorl2.o(.text)
    BusFault_Handler                         0x0800023b   Thumb Code     2  stm32fxxx_it.o(i.BusFault_Handler)
    DCD_EP_Close                             0x0800023d   Thumb Code    44  usb_dcd.o(i.DCD_EP_Close)
    DCD_EP_ClrStall                          0x08000269   Thumb Code    56  usb_dcd.o(i.DCD_EP_ClrStall)
    DCD_EP_Open                              0x080002a1   Thumb Code    60  usb_dcd.o(i.DCD_EP_Open)
    DCD_EP_PrepareRx                         0x080002dd   Thumb Code    68  usb_dcd.o(i.DCD_EP_PrepareRx)
    DCD_EP_SetAddress                        0x08000321   Thumb Code    16  usb_dcd.o(i.DCD_EP_SetAddress)
    DCD_EP_Stall                             0x08000331   Thumb Code    56  usb_dcd.o(i.DCD_EP_Stall)
    DCD_EP_Tx                                0x08000369   Thumb Code    62  usb_dcd.o(i.DCD_EP_Tx)
    DCD_Init                                 0x08000691   Thumb Code   148  usb_dcd.o(i.DCD_Init)
    DebugMon_Handler                         0x080007a3   Thumb Code     2  stm32fxxx_it.o(i.DebugMon_Handler)
    EXTI_ClearITPendingBit                   0x080007a5   Thumb Code     6  stm32f4xx_exti.o(i.EXTI_ClearITPendingBit)
    FSMC_NORSRAMCmd                          0x080007b1   Thumb Code    26  stm32f4xx_fsmc.o(i.FSMC_NORSRAMCmd)
    FSMC_NORSRAMInit                         0x080007d1   Thumb Code   200  stm32f4xx_fsmc.o(i.FSMC_NORSRAMInit)
    GPIO_Init                                0x08000899   Thumb Code   162  stm32f4xx_gpio.o(i.GPIO_Init)
    GPIO_PinAFConfig                         0x0800093b   Thumb Code    32  stm32f4xx_gpio.o(i.GPIO_PinAFConfig)
    HardFault_Handler                        0x080009c5   Thumb Code     2  stm32fxxx_it.o(i.HardFault_Handler)
    LCD_Clear                                0x080009c7   Thumb Code    38  stm324xg_eval_lcd.o(i.LCD_Clear)
    LCD_ClearLine                            0x080009ed   Thumb Code    44  stm324xg_eval_lcd.o(i.LCD_ClearLine)
    LCD_CtrlLinesConfig                      0x08000a1d   Thumb Code   292  stm324xg_eval_lcd.o(i.LCD_CtrlLinesConfig)
    LCD_DisplayChar                          0x08000b51   Thumb Code    26  stm324xg_eval_lcd.o(i.LCD_DisplayChar)
    LCD_DisplayStringLine                    0x08000b71   Thumb Code    52  stm324xg_eval_lcd.o(i.LCD_DisplayStringLine)
    LCD_DrawChar                             0x08000ba9   Thumb Code   120  stm324xg_eval_lcd.o(i.LCD_DrawChar)
    LCD_FSMCConfig                           0x08000c25   Thumb Code    88  stm324xg_eval_lcd.o(i.LCD_FSMCConfig)
    LCD_GetFont                              0x08000c7d   Thumb Code     6  stm324xg_eval_lcd.o(i.LCD_GetFont)
    LCD_LOG_DeInit                           0x08000c89   Thumb Code    34  lcd_log.o(i.LCD_LOG_DeInit)
    LCD_LOG_Init                             0x08000cb1   Thumb Code    16  lcd_log.o(i.LCD_LOG_Init)
    LCD_LOG_SetFooter                        0x08000cc1   Thumb Code   100  lcd_log.o(i.LCD_LOG_SetFooter)
    LCD_LOG_SetHeader                        0x08000d25   Thumb Code   136  lcd_log.o(i.LCD_LOG_SetHeader)
    LCD_ReadReg                              0x08000e55   Thumb Code    10  stm324xg_eval_lcd.o(i.LCD_ReadReg)
    LCD_SetBackColor                         0x08000e61   Thumb Code    12  stm324xg_eval_lcd.o(i.LCD_SetBackColor)
    LCD_SetCursor                            0x08000e71   Thumb Code    24  stm324xg_eval_lcd.o(i.LCD_SetCursor)
    LCD_SetFont                              0x08000e89   Thumb Code     6  stm324xg_eval_lcd.o(i.LCD_SetFont)
    LCD_SetTextColor                         0x08000e95   Thumb Code    12  stm324xg_eval_lcd.o(i.LCD_SetTextColor)
    LCD_WriteReg                             0x08000ea5   Thumb Code    10  stm324xg_eval_lcd.o(i.LCD_WriteReg)
    MemManage_Handler                        0x08000eaf   Thumb Code     2  stm32fxxx_it.o(i.MemManage_Handler)
    NMI_Handler                              0x08000eb1   Thumb Code     2  stm32fxxx_it.o(i.NMI_Handler)
    NVIC_Init                                0x08000eb5   Thumb Code    96  misc.o(i.NVIC_Init)
    NVIC_PriorityGroupConfig                 0x08000f19   Thumb Code    10  misc.o(i.NVIC_PriorityGroupConfig)
    OTG_FS_IRQHandler                        0x08000f2d   Thumb Code     6  stm32fxxx_it.o(i.OTG_FS_IRQHandler)
    OTG_FS_WKUP_IRQHandler                   0x08000f39   Thumb Code    40  stm32fxxx_it.o(i.OTG_FS_WKUP_IRQHandler)
    PendSV_Handler                           0x08000f69   Thumb Code     2  stm32fxxx_it.o(i.PendSV_Handler)
    RCC_AHB1PeriphClockCmd                   0x08000f6d   Thumb Code    18  stm32f4xx_rcc.o(i.RCC_AHB1PeriphClockCmd)
    RCC_AHB2PeriphClockCmd                   0x08000f85   Thumb Code    18  stm32f4xx_rcc.o(i.RCC_AHB2PeriphClockCmd)
    RCC_AHB3PeriphClockCmd                   0x08000f9d   Thumb Code    18  stm32f4xx_rcc.o(i.RCC_AHB3PeriphClockCmd)
    RCC_APB1PeriphClockCmd                   0x08000fb5   Thumb Code    18  stm32f4xx_rcc.o(i.RCC_APB1PeriphClockCmd)
    RCC_APB2PeriphClockCmd                   0x08000fcd   Thumb Code    18  stm32f4xx_rcc.o(i.RCC_APB2PeriphClockCmd)
    RCC_GetClocksFreq                        0x08000fe5   Thumb Code   132  stm32f4xx_rcc.o(i.RCC_GetClocksFreq)
    STM324xG_LCD_Init                        0x08001075   Thumb Code  1030  stm324xg_eval_lcd.o(i.STM324xG_LCD_Init)
    STM_EVAL_COMInit                         0x08001481   Thumb Code   184  stm324xg_eval.o(i.STM_EVAL_COMInit)
    STM_EVAL_LEDInit                         0x08001541   Thumb Code    62  stm324xg_eval.o(i.STM_EVAL_LEDInit)
    STM_EVAL_LEDToggle                       0x08001589   Thumb Code    20  stm324xg_eval.o(i.STM_EVAL_LEDToggle)
    SVC_Handler                              0x080015a5   Thumb Code     2  stm32fxxx_it.o(i.SVC_Handler)
    SysTick_Handler                          0x0800165d   Thumb Code    22  stm32fxxx_it.o(i.SysTick_Handler)
    SystemInit                               0x08001675   Thumb Code    74  system_stm32f4xx.o(i.SystemInit)
    USART3_IRQHandler                        0x080016d1   Thumb Code    48  usbd_cdc_vcp.o(i.USART3_IRQHandler)
    USART_Cmd                                0x08001705   Thumb Code    20  stm32f4xx_usart.o(i.USART_Cmd)
    USART_GetFlagStatus                      0x08001719   Thumb Code    14  stm32f4xx_usart.o(i.USART_GetFlagStatus)
    USART_GetITStatus                        0x08001727   Thumb Code    62  stm32f4xx_usart.o(i.USART_GetITStatus)
    USART_ITConfig                           0x08001765   Thumb Code    48  stm32f4xx_usart.o(i.USART_ITConfig)
    USART_Init                               0x08001795   Thumb Code   164  stm32f4xx_usart.o(i.USART_Init)
    USART_ReceiveData                        0x08001841   Thumb Code     8  stm32f4xx_usart.o(i.USART_ReceiveData)
    USART_SendData                           0x08001849   Thumb Code     8  stm32f4xx_usart.o(i.USART_SendData)
    USBD_ClrCfg                              0x08001851   Thumb Code    14  usbd_core.o(i.USBD_ClrCfg)
    USBD_CtlContinueRx                       0x0800185f   Thumb Code    18  usbd_ioreq.o(i.USBD_CtlContinueRx)
    USBD_CtlContinueSendData                 0x08001871   Thumb Code    18  usbd_ioreq.o(i.USBD_CtlContinueSendData)
    USBD_CtlError                            0x08001883   Thumb Code    28  usbd_req.o(i.USBD_CtlError)
    USBD_CtlPrepareRx                        0x0800189f   Thumb Code    32  usbd_ioreq.o(i.USBD_CtlPrepareRx)
    USBD_CtlReceiveStatus                    0x080018bf   Thumb Code    34  usbd_ioreq.o(i.USBD_CtlReceiveStatus)
    USBD_CtlSendData                         0x080018e1   Thumb Code    32  usbd_ioreq.o(i.USBD_CtlSendData)
    USBD_CtlSendStatus                       0x08001901   Thumb Code    34  usbd_ioreq.o(i.USBD_CtlSendStatus)
    USBD_GetString                           0x08001b51   Thumb Code    70  usbd_req.o(i.USBD_GetString)
    USBD_Init                                0x08001b97   Thumb Code    52  usbd_core.o(i.USBD_Init)
    USBD_OTG_ISR_Handler                     0x08001be9   Thumb Code   370  usb_dcd_int.o(i.USBD_OTG_ISR_Handler)
    USBD_ParseSetupRequest                   0x08001d61   Thumb Code    68  usbd_req.o(i.USBD_ParseSetupRequest)
    USBD_SetCfg                              0x08001df9   Thumb Code    26  usbd_core.o(i.USBD_SetCfg)
    USBD_StdDevReq                           0x08001f4d   Thumb Code   236  usbd_req.o(i.USBD_StdDevReq)
    USBD_StdEPReq                            0x0800203d   Thumb Code   208  usbd_req.o(i.USBD_StdEPReq)
    USBD_StdItfReq                           0x08002111   Thumb Code    54  usbd_req.o(i.USBD_StdItfReq)
    USBD_USR_ConfigStrDescriptor             0x08002165   Thumb Code    16  usbd_desc.o(i.USBD_USR_ConfigStrDescriptor)
    USBD_USR_DeviceConfigured                0x08002185   Thumb Code    14  usbd_usr.o(i.USBD_USR_DeviceConfigured)
    USBD_USR_DeviceConnected                 0x080021b9   Thumb Code    14  usbd_usr.o(i.USBD_USR_DeviceConnected)
    USBD_USR_DeviceDescriptor                0x080021e9   Thumb Code     8  usbd_desc.o(i.USBD_USR_DeviceDescriptor)
    USBD_USR_DeviceDisconnected              0x080021f5   Thumb Code    14  usbd_usr.o(i.USBD_USR_DeviceDisconnected)
    USBD_USR_DeviceReset                     0x08002225   Thumb Code    20  usbd_usr.o(i.USBD_USR_DeviceReset)
    USBD_USR_DeviceResumed                   0x080022a5   Thumb Code    14  usbd_usr.o(i.USBD_USR_DeviceResumed)
    USBD_USR_DeviceSuspended                 0x080022d5   Thumb Code    14  usbd_usr.o(i.USBD_USR_DeviceSuspended)
    USBD_USR_Init                            0x08002309   Thumb Code    64  usbd_usr.o(i.USBD_USR_Init)
    USBD_USR_InterfaceStrDescriptor          0x080023a5   Thumb Code    16  usbd_desc.o(i.USBD_USR_InterfaceStrDescriptor)
    USBD_USR_LangIDStrDescriptor             0x080023c9   Thumb Code     8  usbd_desc.o(i.USBD_USR_LangIDStrDescriptor)
    USBD_USR_ManufacturerStrDescriptor       0x080023d5   Thumb Code    16  usbd_desc.o(i.USBD_USR_ManufacturerStrDescriptor)
    USBD_USR_ProductStrDescriptor            0x080023fd   Thumb Code    24  usbd_desc.o(i.USBD_USR_ProductStrDescriptor)
    USBD_USR_SerialStrDescriptor             0x08002461   Thumb Code    24  usbd_desc.o(i.USBD_USR_SerialStrDescriptor)
    USB_OTG_BSP_EnableInterrupt              0x080024a9   Thumb Code    40  usb_bsp.o(i.USB_OTG_BSP_EnableInterrupt)
    USB_OTG_BSP_Init                         0x080024d1   Thumb Code   164  usb_bsp.o(i.USB_OTG_BSP_Init)
    USB_OTG_BSP_mDelay                       0x08002579   Thumb Code    10  usb_bsp.o(i.USB_OTG_BSP_mDelay)
    USB_OTG_BSP_uDelay                       0x08002583   Thumb Code    22  usb_bsp.o(i.USB_OTG_BSP_uDelay)
    USB_OTG_CoreInit                         0x08002599   Thumb Code   128  usb_core.o(i.USB_OTG_CoreInit)
    USB_OTG_CoreInitDev                      0x08002619   Thumb Code   302  usb_core.o(i.USB_OTG_CoreInitDev)
    USB_OTG_DisableGlobalInt                 0x080027a1   Thumb Code    16  usb_core.o(i.USB_OTG_DisableGlobalInt)
    USB_OTG_EP0Activate                      0x080027b1   Thumb Code    58  usb_core.o(i.USB_OTG_EP0Activate)
    USB_OTG_EP0StartXfer                     0x080027ed   Thumb Code   182  usb_core.o(i.USB_OTG_EP0StartXfer)
    USB_OTG_EP0_OutStart                     0x080028a5   Thumb Code    32  usb_core.o(i.USB_OTG_EP0_OutStart)
    USB_OTG_EPActivate                       0x080028c9   Thumb Code    82  usb_core.o(i.USB_OTG_EPActivate)
    USB_OTG_EPClearStall                     0x0800291b   Thumb Code    50  usb_core.o(i.USB_OTG_EPClearStall)
    USB_OTG_EPDeactivate                     0x0800294d   Thumb Code    52  usb_core.o(i.USB_OTG_EPDeactivate)
    USB_OTG_EPSetStall                       0x08002981   Thumb Code    48  usb_core.o(i.USB_OTG_EPSetStall)
    USB_OTG_EPStartXfer                      0x080029b1   Thumb Code   288  usb_core.o(i.USB_OTG_EPStartXfer)
    USB_OTG_EnableDevInt                     0x08002ad1   Thumb Code    74  usb_core.o(i.USB_OTG_EnableDevInt)
    USB_OTG_EnableGlobalInt                  0x08002b21   Thumb Code    16  usb_core.o(i.USB_OTG_EnableGlobalInt)
    USB_OTG_FlushRxFifo                      0x08002b31   Thumb Code    52  usb_core.o(i.USB_OTG_FlushRxFifo)
    USB_OTG_FlushTxFifo                      0x08002b69   Thumb Code    60  usb_core.o(i.USB_OTG_FlushTxFifo)
    USB_OTG_GetDeviceSpeed                   0x08002ba9   Thumb Code    38  usb_core.o(i.USB_OTG_GetDeviceSpeed)
    USB_OTG_InitDevSpeed                     0x08002bcf   Thumb Code    12  usb_core.o(i.USB_OTG_InitDevSpeed)
    USB_OTG_IsDeviceMode                     0x08002bdb   Thumb Code    18  usb_core.o(i.USB_OTG_IsDeviceMode)
    USB_OTG_ReadCoreItr                      0x08002bed   Thumb Code    10  usb_core.o(i.USB_OTG_ReadCoreItr)
    USB_OTG_ReadDevAllInEPItr                0x08002bf7   Thumb Code    12  usb_core.o(i.USB_OTG_ReadDevAllInEPItr)
    USB_OTG_ReadDevAllOutEp_itr              0x08002c03   Thumb Code    12  usb_core.o(i.USB_OTG_ReadDevAllOutEp_itr)
    USB_OTG_ReadDevOutEP_itr                 0x08002c0f   Thumb Code    16  usb_core.o(i.USB_OTG_ReadDevOutEP_itr)
    USB_OTG_ReadPacket                       0x08002c1f   Thumb Code    32  usb_core.o(i.USB_OTG_ReadPacket)
    USB_OTG_SelectCore                       0x08002c41   Thumb Code   188  usb_core.o(i.USB_OTG_SelectCore)
    USB_OTG_SetCurrentMode                   0x08002d01   Thumb Code    42  usb_core.o(i.USB_OTG_SetCurrentMode)
    USB_OTG_UngateClock                      0x08002d2b   Thumb Code    30  usb_core.o(i.USB_OTG_UngateClock)
    USB_OTG_WritePacket                      0x08002d49   Thumb Code    40  usb_core.o(i.USB_OTG_WritePacket)
    UsageFault_Handler                       0x08002d71   Thumb Code     2  stm32fxxx_it.o(i.UsageFault_Handler)
    __0printf$bare                           0x08002f5d   Thumb Code     8  printfb.o(i.__0printf$bare)
    __1printf$bare                           0x08002f5d   Thumb Code     0  printfb.o(i.__0printf$bare)
    __2printf                                0x08002f5d   Thumb Code     0  printfb.o(i.__0printf$bare)
    __scatterload_copy                       0x08002f6d   Thumb Code    14  handlers.o(i.__scatterload_copy)
    __scatterload_null                       0x08002f7b   Thumb Code     2  handlers.o(i.__scatterload_null)
    __scatterload_zeroinit                   0x08002f7d   Thumb Code    14  handlers.o(i.__scatterload_zeroinit)
    fputc                                    0x08002fc9   Thumb Code   244  lcd_log.o(i.fputc)
    main                                     0x080030c5   Thumb Code    64  app.o(i.main)
    ASCII16x24_Table                         0x08003308   Data        4560  stm324xg_eval_lcd.o(.constdata)
    ASCII12x12_Table                         0x080044d8   Data        2304  stm324xg_eval_lcd.o(.constdata)
    ASCII8x12_Table                          0x08004dd8   Data        2304  stm324xg_eval_lcd.o(.constdata)
    COM_TX_PIN                               0x080056d8   Data           2  stm324xg_eval.o(.constdata)
    COM_RX_PIN                               0x080056da   Data           2  stm324xg_eval.o(.constdata)
    COM_TX_PIN_SOURCE                        0x080056dc   Data           2  stm324xg_eval.o(.constdata)
    COM_RX_PIN_SOURCE                        0x080056de   Data           2  stm324xg_eval.o(.constdata)
    COM_TX_AF                                0x080056e0   Data           2  stm324xg_eval.o(.constdata)
    COM_RX_AF                                0x080056e2   Data           2  stm324xg_eval.o(.constdata)
    COM_USART_CLK                            0x080056e4   Data           4  stm324xg_eval.o(.constdata)
    COM_TX_PORT_CLK                          0x080056e8   Data           4  stm324xg_eval.o(.constdata)
    COM_RX_PORT_CLK                          0x080056ec   Data           4  stm324xg_eval.o(.constdata)
    BUTTON_PIN                               0x080056f0   Data           6  stm324xg_eval.o(.constdata)
    BUTTON_EXTI_LINE                         0x080056f6   Data           6  stm324xg_eval.o(.constdata)
    BUTTON_PORT_SOURCE                       0x080056fc   Data           6  stm324xg_eval.o(.constdata)
    BUTTON_PIN_SOURCE                        0x08005702   Data           6  stm324xg_eval.o(.constdata)
    BUTTON_IRQn                              0x08005708   Data           6  stm324xg_eval.o(.constdata)
    GPIO_PIN                                 0x0800570e   Data           8  stm324xg_eval.o(.constdata)
    GPIO_CLK                                 0x08005718   Data          16  stm324xg_eval.o(.constdata)
    BUTTON_CLK                               0x08005728   Data          12  stm324xg_eval.o(.constdata)
    Region$$Table$$Base                      0x08005734   Number         0  anon$$obj.o(Region$$Table)
    Region$$Table$$Limit                     0x08005754   Number         0  anon$$obj.o(Region$$Table)
    USR_cb                                   0x20000000   Data          28  usbd_usr.o(.data)
    linecoding                               0x2000001c   Data           8  usbd_cdc_vcp.o(.data)
    VCP_fops                                 0x20000024   Data          20  usbd_cdc_vcp.o(.data)
    USR_desc                                 0x20000038   Data          28  usbd_desc.o(.data)
    USBD_LangIDDesc                          0x20000054   Data           4  usbd_desc.o(.data)
    USBD_DeviceDesc                          0x20000058   Data          18  usbd_desc.o(.data)
    USBD_ep_status                           0x20000070   Data           4  usbd_req.o(.data)
    USBD_default_cfg                         0x20000074   Data           4  usbd_req.o(.data)
    USBD_cfg_status                          0x20000078   Data           4  usbd_req.o(.data)
    USBD_DCD_INT_cb                          0x2000007c   Data          44  usbd_core.o(.data)
    USBD_DCD_INT_fops                        0x200000a8   Data           4  usbd_core.o(.data)
    SET_TEST_MODE                            0x200000ac   Data           4  usbd_core.o(.data)
    USB_Tx_State                             0x200000b0   Data           1  usbd_cdc_core.o(.data)
    APP_Rx_ptr_in                            0x200000b8   Data           4  usbd_cdc_core.o(.data)
    APP_Rx_ptr_out                           0x200000bc   Data           4  usbd_cdc_core.o(.data)
    APP_Rx_length                            0x200000c0   Data           4  usbd_cdc_core.o(.data)
    CmdBuff                                  0x200000d0   Data           8  usbd_cdc_core.o(.data)
    usbd_cdc_CfgDesc                         0x200000d8   Data          67  usbd_cdc_core.o(.data)
    USBD_CDC_cb                              0x2000011c   Data          44  usbd_cdc_core.o(.data)
    LCD_CacheBuffer_yptr_invert              0x20000148   Data           1  lcd_log.o(.data)
    LCD_ScrollActive                         0x20000149   Data           1  lcd_log.o(.data)
    LCD_Lock                                 0x2000014a   Data           1  lcd_log.o(.data)
    LCD_Scrolled                             0x2000014b   Data           1  lcd_log.o(.data)
    LCD_LineColor                            0x2000014c   Data           2  lcd_log.o(.data)
    LCD_CacheBuffer_xptr                     0x2000014e   Data           2  lcd_log.o(.data)
    LCD_CacheBuffer_yptr_top                 0x20000150   Data           2  lcd_log.o(.data)
    LCD_CacheBuffer_yptr_bottom              0x20000152   Data           2  lcd_log.o(.data)
    LCD_CacheBuffer_yptr_top_bak             0x20000154   Data           2  lcd_log.o(.data)
    LCD_CacheBuffer_yptr_bottom_bak          0x20000156   Data           2  lcd_log.o(.data)
    LCD_ScrollBackStep                       0x20000158   Data           2  lcd_log.o(.data)
    TextColor                                0x2000016c   Data           2  stm324xg_eval_lcd.o(.data)
    BackColor                                0x2000016e   Data           2  stm324xg_eval_lcd.o(.data)
    Font16x24                                0x20000174   Data           8  stm324xg_eval_lcd.o(.data)
    Font12x12                                0x2000017c   Data           8  stm324xg_eval_lcd.o(.data)
    Font8x12                                 0x20000184   Data           8  stm324xg_eval_lcd.o(.data)
    COM_USART                                0x2000018c   Data           4  stm324xg_eval.o(.data)
    COM_TX_PORT                              0x20000190   Data           4  stm324xg_eval.o(.data)
    COM_RX_PORT                              0x20000194   Data           4  stm324xg_eval.o(.data)
    NVIC_InitStructure                       0x20000198   Data           4  stm324xg_eval.o(.data)
    GPIO_PORT                                0x2000019c   Data          16  stm324xg_eval.o(.data)
    BUTTON_PORT                              0x200001ac   Data          12  stm324xg_eval.o(.data)
    __stdout                                 0x200001b8   Data           4  stdout.o(.data)
    USB_OTG_dev                              0x200001bc   Data        1524  app.o(.bss)
    USART_InitStructure                      0x200007b0   Data          16  usbd_cdc_vcp.o(.bss)
    USBD_StrDesc                             0x200007c0   Data         255  usbd_req.o(.bss)
    USB_Rx_Buffer                            0x200008bf   Data          64  usbd_cdc_core.o(.bss)
    APP_Rx_Buffer                            0x200008ff   Data        2048  usbd_cdc_core.o(.bss)
    LCD_CacheBuffer                          0x20001100   Data         468  lcd_log.o(.bss)
    __initial_sp                             0x200016d8   Data           0  startup_stm32f4xx.o(STACK)



==============================================================================

Memory Map of the image

  Image Entry point : 0x08000189

  Load Region LR_IROM1 (Base: 0x08000000, Size: 0x00005910, Max: 0x00100000, ABSOLUTE, COMPRESSED[0x00005870])

    Execution Region ER_IROM1 (Base: 0x08000000, Size: 0x00005754, Max: 0x00100000, ABSOLUTE)

    Base Addr    Size         Type   Attr      Idx    E Section Name        Object

    0x08000000   0x00000188   Data   RO         1290    RESET               startup_stm32f4xx.o
    0x08000188   0x00000000   Code   RO         3681  * .ARM.Collect$$$$00000000  mc_w.l(entry.o)
    0x08000188   0x00000004   Code   RO         3952    .ARM.Collect$$$$00000001  mc_w.l(entry2.o)
    0x0800018c   0x00000004   Code   RO         3955    .ARM.Collect$$$$00000004  mc_w.l(entry5.o)
    0x08000190   0x00000000   Code   RO         3957    .ARM.Collect$$$$00000008  mc_w.l(entry7b.o)
    0x08000190   0x00000000   Code   RO         3959    .ARM.Collect$$$$0000000A  mc_w.l(entry8b.o)
    0x08000190   0x00000008   Code   RO         3960    .ARM.Collect$$$$0000000B  mc_w.l(entry9a.o)
    0x08000198   0x00000000   Code   RO         3962    .ARM.Collect$$$$0000000D  mc_w.l(entry10a.o)
    0x08000198   0x00000000   Code   RO         3964    .ARM.Collect$$$$0000000F  mc_w.l(entry11a.o)
    0x08000198   0x00000004   Code   RO         3953    .ARM.Collect$$$$00002712  mc_w.l(entry2.o)
    0x0800019c   0x00000024   Code   RO         1291    .text               startup_stm32f4xx.o
    0x080001c0   0x00000024   Code   RO         3982    .text               mc_w.l(init.o)
    0x080001e4   0x00000056   Code   RO         3998    .text               mc_w.l(__dczerorl2.o)
    0x0800023a   0x00000002   Code   RO          409    i.BusFault_Handler  stm32fxxx_it.o
    0x0800023c   0x0000002c   Code   RO          839    i.DCD_EP_Close      usb_dcd.o
    0x08000268   0x00000038   Code   RO          840    i.DCD_EP_ClrStall   usb_dcd.o
    0x080002a0   0x0000003c   Code   RO          842    i.DCD_EP_Open       usb_dcd.o
    0x080002dc   0x00000044   Code   RO          843    i.DCD_EP_PrepareRx  usb_dcd.o
    0x08000320   0x00000010   Code   RO          844    i.DCD_EP_SetAddress  usb_dcd.o
    0x08000330   0x00000038   Code   RO          845    i.DCD_EP_Stall      usb_dcd.o
    0x08000368   0x0000003e   Code   RO          846    i.DCD_EP_Tx         usb_dcd.o
    0x080003a6   0x00000002   PAD
    0x080003a8   0x000000cc   Code   RO          561    i.DCD_HandleInEP_ISR  usb_dcd_int.o
    0x08000474   0x000000ac   Code   RO          562    i.DCD_HandleOutEP_ISR  usb_dcd_int.o
    0x08000520   0x0000007c   Code   RO          563    i.DCD_HandleRxStatusQueueLevel_ISR  usb_dcd_int.o
    0x0800059c   0x00000070   Code   RO          564    i.DCD_HandleUSBSuspend_ISR  usb_dcd_int.o
    0x0800060c   0x00000084   Code   RO          565    i.DCD_HandleUsbReset_ISR  usb_dcd_int.o
    0x08000690   0x00000094   Code   RO          848    i.DCD_Init          usb_dcd.o
    0x08000724   0x0000007e   Code   RO          566    i.DCD_WriteEmptyTxFifo  usb_dcd_int.o
    0x080007a2   0x00000002   Code   RO          410    i.DebugMon_Handler  stm32fxxx_it.o
    0x080007a4   0x0000000c   Code   RO         2059    i.EXTI_ClearITPendingBit  stm32f4xx_exti.o
    0x080007b0   0x00000020   Code   RO         2325    i.FSMC_NORSRAMCmd   stm32f4xx_fsmc.o
    0x080007d0   0x000000c8   Code   RO         2327    i.FSMC_NORSRAMInit  stm32f4xx_fsmc.o
    0x08000898   0x000000a2   Code   RO         2443    i.GPIO_Init         stm32f4xx_gpio.o
    0x0800093a   0x00000020   Code   RO         2444    i.GPIO_PinAFConfig  stm32f4xx_gpio.o
    0x0800095a   0x00000002   PAD
    0x0800095c   0x00000068   Code   RO         1159    i.Handle_USBAsynchXfer  usbd_cdc_core.o
    0x080009c4   0x00000002   Code   RO          411    i.HardFault_Handler  stm32fxxx_it.o
    0x080009c6   0x00000026   Code   RO         3118    i.LCD_Clear         stm324xg_eval_lcd.o
    0x080009ec   0x00000030   Code   RO         3119    i.LCD_ClearLine     stm324xg_eval_lcd.o
    0x08000a1c   0x00000134   Code   RO         3122    i.LCD_CtrlLinesConfig  stm324xg_eval_lcd.o
    0x08000b50   0x00000020   Code   RO         3124    i.LCD_DisplayChar   stm324xg_eval_lcd.o
    0x08000b70   0x00000038   Code   RO         3127    i.LCD_DisplayStringLine  stm324xg_eval_lcd.o
    0x08000ba8   0x0000007c   Code   RO         3128    i.LCD_DrawChar      stm324xg_eval_lcd.o
    0x08000c24   0x00000058   Code   RO         3136    i.LCD_FSMCConfig    stm324xg_eval_lcd.o
    0x08000c7c   0x0000000c   Code   RO         3139    i.LCD_GetFont       stm324xg_eval_lcd.o
    0x08000c88   0x00000028   Code   RO         1229    i.LCD_LOG_DeInit    lcd_log.o
    0x08000cb0   0x00000010   Code   RO         1230    i.LCD_LOG_Init      lcd_log.o
    0x08000cc0   0x00000064   Code   RO         1231    i.LCD_LOG_SetFooter  lcd_log.o
    0x08000d24   0x00000090   Code   RO         1232    i.LCD_LOG_SetHeader  lcd_log.o
    0x08000db4   0x000000a0   Code   RO         1233    i.LCD_LOG_UpdateDisplay  lcd_log.o
    0x08000e54   0x0000000a   Code   RO         3145    i.LCD_ReadReg       stm324xg_eval_lcd.o
    0x08000e5e   0x00000002   PAD
    0x08000e60   0x00000010   Code   RO         3146    i.LCD_SetBackColor  stm324xg_eval_lcd.o
    0x08000e70   0x00000018   Code   RO         3148    i.LCD_SetCursor     stm324xg_eval_lcd.o
    0x08000e88   0x0000000c   Code   RO         3150    i.LCD_SetFont       stm324xg_eval_lcd.o
    0x08000e94   0x00000010   Code   RO         3151    i.LCD_SetTextColor  stm324xg_eval_lcd.o
    0x08000ea4   0x0000000a   Code   RO         3156    i.LCD_WriteReg      stm324xg_eval_lcd.o
    0x08000eae   0x00000002   Code   RO          412    i.MemManage_Handler  stm32fxxx_it.o
    0x08000eb0   0x00000002   Code   RO          413    i.NMI_Handler       stm32fxxx_it.o
    0x08000eb2   0x00000002   PAD
    0x08000eb4   0x00000064   Code   RO          306    i.NVIC_Init         misc.o
    0x08000f18   0x00000014   Code   RO          307    i.NVIC_PriorityGroupConfig  misc.o
    0x08000f2c   0x0000000c   Code   RO          414    i.OTG_FS_IRQHandler  stm32fxxx_it.o
    0x08000f38   0x00000030   Code   RO          415    i.OTG_FS_WKUP_IRQHandler  stm32fxxx_it.o
    0x08000f68   0x00000002   Code   RO          416    i.PendSV_Handler    stm32fxxx_it.o
    0x08000f6a   0x00000002   PAD
    0x08000f6c   0x00000018   Code   RO         2838    i.RCC_AHB1PeriphClockCmd  stm32f4xx_rcc.o
    0x08000f84   0x00000018   Code   RO         2841    i.RCC_AHB2PeriphClockCmd  stm32f4xx_rcc.o
    0x08000f9c   0x00000018   Code   RO         2844    i.RCC_AHB3PeriphClockCmd  stm32f4xx_rcc.o
    0x08000fb4   0x00000018   Code   RO         2847    i.RCC_APB1PeriphClockCmd  stm32f4xx_rcc.o
    0x08000fcc   0x00000018   Code   RO         2850    i.RCC_APB2PeriphClockCmd  stm32f4xx_rcc.o
    0x08000fe4   0x00000090   Code   RO         2859    i.RCC_GetClocksFreq  stm32f4xx_rcc.o
    0x08001074   0x0000040c   Code   RO         3158    i.STM324xG_LCD_Init  stm324xg_eval_lcd.o
    0x08001480   0x000000c0   Code   RO         3393    i.STM_EVAL_COMInit  stm324xg_eval.o
    0x08001540   0x00000048   Code   RO         3394    i.STM_EVAL_LEDInit  stm324xg_eval.o
    0x08001588   0x0000001c   Code   RO         3397    i.STM_EVAL_LEDToggle  stm324xg_eval.o
    0x080015a4   0x00000002   Code   RO          417    i.SVC_Handler       stm32fxxx_it.o
    0x080015a6   0x00000002   PAD
    0x080015a8   0x000000b4   Code   RO         1297    i.SetSysClock       system_stm32f4xx.o
    0x0800165c   0x00000016   Code   RO          418    i.SysTick_Handler   stm32fxxx_it.o
    0x08001672   0x00000002   PAD
    0x08001674   0x0000005c   Code   RO         1299    i.SystemInit        system_stm32f4xx.o
    0x080016d0   0x00000034   Code   RO          350    i.USART3_IRQHandler  usbd_cdc_vcp.o
    0x08001704   0x00000014   Code   RO         1746    i.USART_Cmd         stm32f4xx_usart.o
    0x08001718   0x0000000e   Code   RO         1749    i.USART_GetFlagStatus  stm32f4xx_usart.o
    0x08001726   0x0000003e   Code   RO         1750    i.USART_GetITStatus  stm32f4xx_usart.o
    0x08001764   0x00000030   Code   RO         1752    i.USART_ITConfig    stm32f4xx_usart.o
    0x08001794   0x000000ac   Code   RO         1753    i.USART_Init        stm32f4xx_usart.o
    0x08001840   0x00000008   Code   RO         1760    i.USART_ReceiveData  stm32f4xx_usart.o
    0x08001848   0x00000008   Code   RO         1763    i.USART_SendData    stm32f4xx_usart.o
    0x08001850   0x0000000e   Code   RO         1002    i.USBD_ClrCfg       usbd_core.o
    0x0800185e   0x00000012   Code   RO         1103    i.USBD_CtlContinueRx  usbd_ioreq.o
    0x08001870   0x00000012   Code   RO         1104    i.USBD_CtlContinueSendData  usbd_ioreq.o
    0x08001882   0x0000001c   Code   RO          929    i.USBD_CtlError     usbd_req.o
    0x0800189e   0x00000020   Code   RO         1105    i.USBD_CtlPrepareRx  usbd_ioreq.o
    0x080018be   0x00000022   Code   RO         1106    i.USBD_CtlReceiveStatus  usbd_ioreq.o
    0x080018e0   0x00000020   Code   RO         1107    i.USBD_CtlSendData  usbd_ioreq.o
    0x08001900   0x00000022   Code   RO         1108    i.USBD_CtlSendStatus  usbd_ioreq.o
    0x08001922   0x00000002   PAD
    0x08001924   0x000000b0   Code   RO         1003    i.USBD_DataInStage  usbd_core.o
    0x080019d4   0x00000078   Code   RO         1004    i.USBD_DataOutStage  usbd_core.o
    0x08001a4c   0x00000016   Code   RO         1006    i.USBD_DevConnected  usbd_core.o
    0x08001a62   0x00000020   Code   RO         1007    i.USBD_DevDisconnected  usbd_core.o
    0x08001a82   0x000000ce   Code   RO          930    i.USBD_GetDescriptor  usbd_req.o
    0x08001b50   0x00000046   Code   RO          931    i.USBD_GetString    usbd_req.o
    0x08001b96   0x00000034   Code   RO         1008    i.USBD_Init         usbd_core.o
    0x08001bca   0x0000000e   Code   RO         1009    i.USBD_IsoINIncomplete  usbd_core.o
    0x08001bd8   0x0000000e   Code   RO         1010    i.USBD_IsoOUTIncomplete  usbd_core.o
    0x08001be6   0x00000002   PAD
    0x08001be8   0x00000178   Code   RO          567    i.USBD_OTG_ISR_Handler  usb_dcd_int.o
    0x08001d60   0x00000044   Code   RO          932    i.USBD_ParseSetupRequest  usbd_req.o
    0x08001da4   0x0000002e   Code   RO         1011    i.USBD_Reset        usbd_core.o
    0x08001dd2   0x00000016   Code   RO         1012    i.USBD_Resume       usbd_core.o
    0x08001de8   0x00000010   Code   RO         1013    i.USBD_SOF          usbd_core.o
    0x08001df8   0x0000001a   Code   RO         1014    i.USBD_SetCfg       usbd_core.o
    0x08001e12   0x00000002   PAD
    0x08001e14   0x00000074   Code   RO          933    i.USBD_SetConfig    usbd_req.o
    0x08001e88   0x0000007c   Code   RO          934    i.USBD_SetFeature   usbd_req.o
    0x08001f04   0x00000048   Code   RO         1015    i.USBD_SetupStage   usbd_core.o
    0x08001f4c   0x000000f0   Code   RO          935    i.USBD_StdDevReq    usbd_req.o
    0x0800203c   0x000000d4   Code   RO          936    i.USBD_StdEPReq     usbd_req.o
    0x08002110   0x00000036   Code   RO          937    i.USBD_StdItfReq    usbd_req.o
    0x08002146   0x0000001c   Code   RO         1016    i.USBD_Suspend      usbd_core.o
    0x08002162   0x00000002   PAD
    0x08002164   0x00000020   Code   RO          493    i.USBD_USR_ConfigStrDescriptor  usbd_desc.o
    0x08002184   0x00000034   Code   RO          232    i.USBD_USR_DeviceConfigured  usbd_usr.o
    0x080021b8   0x00000030   Code   RO          233    i.USBD_USR_DeviceConnected  usbd_usr.o
    0x080021e8   0x0000000c   Code   RO          494    i.USBD_USR_DeviceDescriptor  usbd_desc.o
    0x080021f4   0x00000030   Code   RO          234    i.USBD_USR_DeviceDisconnected  usbd_usr.o
    0x08002224   0x00000080   Code   RO          235    i.USBD_USR_DeviceReset  usbd_usr.o
    0x080022a4   0x00000030   Code   RO          236    i.USBD_USR_DeviceResumed  usbd_usr.o
    0x080022d4   0x00000034   Code   RO          237    i.USBD_USR_DeviceSuspended  usbd_usr.o
    0x08002308   0x0000009c   Code   RO          238    i.USBD_USR_Init     usbd_usr.o
    0x080023a4   0x00000024   Code   RO          495    i.USBD_USR_InterfaceStrDescriptor  usbd_desc.o
    0x080023c8   0x0000000c   Code   RO          496    i.USBD_USR_LangIDStrDescriptor  usbd_desc.o
    0x080023d4   0x00000028   Code   RO          497    i.USBD_USR_ManufacturerStrDescriptor  usbd_desc.o
    0x080023fc   0x00000064   Code   RO          498    i.USBD_USR_ProductStrDescriptor  usbd_desc.o
    0x08002460   0x0000003c   Code   RO          499    i.USBD_USR_SerialStrDescriptor  usbd_desc.o
    0x0800249c   0x0000000c   Code   RO         1160    i.USBD_cdc_GetCfgDesc  usbd_cdc_core.o
    0x080024a8   0x00000028   Code   RO          191    i.USB_OTG_BSP_EnableInterrupt  usb_bsp.o
    0x080024d0   0x000000a8   Code   RO          192    i.USB_OTG_BSP_Init  usb_bsp.o
    0x08002578   0x0000000a   Code   RO          193    i.USB_OTG_BSP_mDelay  usb_bsp.o
    0x08002582   0x00000016   Code   RO          194    i.USB_OTG_BSP_uDelay  usb_bsp.o
    0x08002598   0x00000080   Code   RO          616    i.USB_OTG_CoreInit  usb_core.o
    0x08002618   0x0000012e   Code   RO          617    i.USB_OTG_CoreInitDev  usb_core.o
    0x08002746   0x00000002   PAD
    0x08002748   0x00000058   Code   RO          618    i.USB_OTG_CoreReset  usb_core.o
    0x080027a0   0x00000010   Code   RO          619    i.USB_OTG_DisableGlobalInt  usb_core.o
    0x080027b0   0x0000003a   Code   RO          620    i.USB_OTG_EP0Activate  usb_core.o
    0x080027ea   0x00000002   PAD
    0x080027ec   0x000000b6   Code   RO          621    i.USB_OTG_EP0StartXfer  usb_core.o
    0x080028a2   0x00000002   PAD
    0x080028a4   0x00000024   Code   RO          622    i.USB_OTG_EP0_OutStart  usb_core.o
    0x080028c8   0x00000052   Code   RO          623    i.USB_OTG_EPActivate  usb_core.o
    0x0800291a   0x00000032   Code   RO          624    i.USB_OTG_EPClearStall  usb_core.o
    0x0800294c   0x00000034   Code   RO          625    i.USB_OTG_EPDeactivate  usb_core.o
    0x08002980   0x00000030   Code   RO          626    i.USB_OTG_EPSetStall  usb_core.o
    0x080029b0   0x00000120   Code   RO          627    i.USB_OTG_EPStartXfer  usb_core.o
    0x08002ad0   0x00000050   Code   RO          628    i.USB_OTG_EnableDevInt  usb_core.o
    0x08002b20   0x00000010   Code   RO          629    i.USB_OTG_EnableGlobalInt  usb_core.o
    0x08002b30   0x00000038   Code   RO          630    i.USB_OTG_FlushRxFifo  usb_core.o
    0x08002b68   0x00000040   Code   RO          631    i.USB_OTG_FlushTxFifo  usb_core.o
    0x08002ba8   0x00000026   Code   RO          632    i.USB_OTG_GetDeviceSpeed  usb_core.o
    0x08002bce   0x0000000c   Code   RO          635    i.USB_OTG_InitDevSpeed  usb_core.o
    0x08002bda   0x00000012   Code   RO          636    i.USB_OTG_IsDeviceMode  usb_core.o
    0x08002bec   0x0000000a   Code   RO          638    i.USB_OTG_ReadCoreItr  usb_core.o
    0x08002bf6   0x0000000c   Code   RO          639    i.USB_OTG_ReadDevAllInEPItr  usb_core.o
    0x08002c02   0x0000000c   Code   RO          640    i.USB_OTG_ReadDevAllOutEp_itr  usb_core.o
    0x08002c0e   0x00000010   Code   RO          641    i.USB_OTG_ReadDevOutEP_itr  usb_core.o
    0x08002c1e   0x00000020   Code   RO          643    i.USB_OTG_ReadPacket  usb_core.o
    0x08002c3e   0x00000002   PAD
    0x08002c40   0x000000c0   Code   RO          644    i.USB_OTG_SelectCore  usb_core.o
    0x08002d00   0x0000002a   Code   RO          645    i.USB_OTG_SetCurrentMode  usb_core.o
    0x08002d2a   0x0000001e   Code   RO          648    i.USB_OTG_UngateClock  usb_core.o
    0x08002d48   0x00000028   Code   RO          649    i.USB_OTG_WritePacket  usb_core.o
    0x08002d70   0x00000002   Code   RO          419    i.UsageFault_Handler  stm32fxxx_it.o
    0x08002d72   0x00000002   PAD
    0x08002d74   0x000000b0   Code   RO          351    i.VCP_COMConfig     usbd_cdc_vcp.o
    0x08002e24   0x0000005c   Code   RO          352    i.VCP_Ctrl          usbd_cdc_vcp.o
    0x08002e80   0x00000034   Code   RO          353    i.VCP_DataRx        usbd_cdc_vcp.o
    0x08002eb4   0x0000004c   Code   RO          354    i.VCP_DataTx        usbd_cdc_vcp.o
    0x08002f00   0x00000004   Code   RO          355    i.VCP_DeInit        usbd_cdc_vcp.o
    0x08002f04   0x00000058   Code   RO          356    i.VCP_Init          usbd_cdc_vcp.o
    0x08002f5c   0x00000010   Code   RO         3685    i.__0printf$bare    mc_w.l(printfb.o)
    0x08002f6c   0x0000000e   Code   RO         3992    i.__scatterload_copy  mc_w.l(handlers.o)
    0x08002f7a   0x00000002   Code   RO         3993    i.__scatterload_null  mc_w.l(handlers.o)
    0x08002f7c   0x0000000e   Code   RO         3994    i.__scatterload_zeroinit  mc_w.l(handlers.o)
    0x08002f8a   0x00000022   Code   RO         3692    i._printf_core      mc_w.l(printfb.o)
    0x08002fac   0x0000001c   Code   RO         3159    i.delay             stm324xg_eval_lcd.o
    0x08002fc8   0x000000fc   Code   RO         1234    i.fputc             lcd_log.o
    0x080030c4   0x00000050   Code   RO            3    i.main              app.o
    0x08003114   0x00000048   Code   RO         1161    i.usbd_cdc_DataIn   usbd_cdc_core.o
    0x0800315c   0x00000034   Code   RO         1162    i.usbd_cdc_DataOut  usbd_cdc_core.o
    0x08003190   0x00000028   Code   RO         1163    i.usbd_cdc_DeInit   usbd_cdc_core.o
    0x080031b8   0x00000028   Code   RO         1164    i.usbd_cdc_EP0_RxReady  usbd_cdc_core.o
    0x080031e0   0x00000054   Code   RO         1165    i.usbd_cdc_Init     usbd_cdc_core.o
    0x08003234   0x00000020   Code   RO         1166    i.usbd_cdc_SOF      usbd_cdc_core.o
    0x08003254   0x000000b4   Code   RO         1167    i.usbd_cdc_Setup    usbd_cdc_core.o
    0x08003308   0x000011d0   Data   RO         3160    .constdata          stm324xg_eval_lcd.o
    0x080044d8   0x00000900   Data   RO         3161    .constdata          stm324xg_eval_lcd.o
    0x08004dd8   0x00000900   Data   RO         3162    .constdata          stm324xg_eval_lcd.o
    0x080056d8   0x0000005c   Data   RO         3404    .constdata          stm324xg_eval.o
    0x08005734   0x00000020   Data   RO         3990    Region$$Table       anon$$obj.o


    Execution Region RW_IRAM1 (Base: 0x20000000, Size: 0x000016d8, Max: 0x00020000, ABSOLUTE, COMPRESSED[0x0000011c])

    Base Addr    Size         Type   Attr      Idx    E Section Name        Object

    0x20000000   0x0000001c   Data   RW          239    .data               usbd_usr.o
    0x2000001c   0x00000008   Data   RW          358    .data               usbd_cdc_vcp.o
    0x20000024   0x00000014   Data   RW          359    .data               usbd_cdc_vcp.o
    0x20000038   0x0000001c   Data   RW          500    .data               usbd_desc.o
    0x20000054   0x00000016   Data   RW          501    .data               usbd_desc.o
    0x2000006a   0x00000002   PAD
    0x2000006c   0x00000010   Data   RW          939    .data               usbd_req.o
    0x2000007c   0x0000002c   Data   RW         1017    .data               usbd_core.o
    0x200000a8   0x00000004   Data   RW         1018    .data               usbd_core.o
    0x200000ac   0x00000004   Data   RW         1019    .data               usbd_core.o
    0x200000b0   0x0000006b   Data   RW         1170    .data               usbd_cdc_core.o
    0x2000011b   0x00000001   PAD
    0x2000011c   0x0000002c   Data   RW         1171    .data               usbd_cdc_core.o
    0x20000148   0x00000012   Data   RW         1236    .data               lcd_log.o
    0x2000015a   0x00000010   Data   RW         2882    .data               stm32f4xx_rcc.o
    0x2000016a   0x00000002   PAD
    0x2000016c   0x00000010   Data   RW         3164    .data               stm324xg_eval_lcd.o
    0x2000017c   0x00000008   Data   RW         3165    .data               stm324xg_eval_lcd.o
    0x20000184   0x00000008   Data   RW         3166    .data               stm324xg_eval_lcd.o
    0x2000018c   0x0000002c   Data   RW         3405    .data               stm324xg_eval.o
    0x200001b8   0x00000004   Data   RW         3966    .data               mc_w.l(stdout.o)
    0x200001bc   0x000005f4   Zero   RW            4    .bss                app.o
    0x200007b0   0x00000010   Zero   RW          357    .bss                usbd_cdc_vcp.o
    0x200007c0   0x000000ff   Zero   RW          938    .bss                usbd_req.o
    0x200008bf   0x00000840   Zero   RW         1169    .bss                usbd_cdc_core.o
    0x200010ff   0x00000001   PAD
    0x20001100   0x000001d4   Zero   RW         1235    .bss                lcd_log.o
    0x200012d4   0x00000004   PAD
    0x200012d8   0x00000400   Zero   RW         1288    STACK               startup_stm32f4xx.o


==============================================================================

Image component sizes


      Code (inc. data)   RO Data    RW Data    ZI Data      Debug   Object Name

        80         16          0          0       1524     288470   app.o
       712         32          0         18        468       6869   lcd_log.o
       120         14          0          0          0       1883   misc.o
        36          8        392          0       1024        992   startup_stm32f4xx.o
       292         26         92         44          0       4327   stm324xg_eval.o
      1858         66       9168         32          0      14890   stm324xg_eval_lcd.o
        12          6          0          0          0        637   stm32f4xx_exti.o
       232          6          0          0          0       2241   stm32f4xx_fsmc.o
       194          0          0          0          0       2171   stm32f4xx_gpio.o
       264         42          0         16          0       6537   stm32f4xx_rcc.o
       332          8          0          0          0       6393   stm32f4xx_usart.o
        98         14          0          0          0       5695   stm32fxxx_it.o
       272         36          0          0          0       1709   system_stm32f4xx.o
       240          4          0          0          0       2811   usb_bsp.o
      2000         26          0          0          0      23624   usb_core.o
       510          0          0          0          0       6596   usb_dcd.o
      1246         40          0          0          0       8251   usb_dcd_int.o
       616         74          0        151       2112       9932   usbd_cdc_core.o
       540         56          0         28         16       5632   usbd_cdc_vcp.o
       654          4          0         52          0      11806   usbd_core.o
       292        180          0         50          0       5908   usbd_desc.o
       168          0          0          0          0       4940   usbd_ioreq.o
      1118         44          0         16        255       9509   usbd_req.o
       532        378          0         28          0       5237   usbd_usr.o

    ----------------------------------------------------------------------
     12450       1080       9684        440       5404     437060   Object Totals
         0          0         32          0          0          0   (incl. Generated)
        32          0          0          5          5          0   (incl. Padding)

    ----------------------------------------------------------------------

      Code (inc. data)   RO Data    RW Data    ZI Data      Debug   Library Member Name

        86          0          0          0          0          0   __dczerorl2.o
         0          0          0          0          0          0   entry.o
         0          0          0          0          0          0   entry10a.o
         0          0          0          0          0          0   entry11a.o
         8          4          0          0          0          0   entry2.o
         4          0          0          0          0          0   entry5.o
         0          0          0          0          0          0   entry7b.o
         0          0          0          0          0          0   entry8b.o
         8          4          0          0          0          0   entry9a.o
        30          0          0          0          0          0   handlers.o
        36          8          0          0          0         68   init.o
        50          8          0          0          0        152   printfb.o
         0          0          0          4          0          0   stdout.o

    ----------------------------------------------------------------------
       222         24          0          4          0        220   Library Totals
         0          0          0          0          0          0   (incl. Padding)

    ----------------------------------------------------------------------

      Code (inc. data)   RO Data    RW Data    ZI Data      Debug   Library Name

       222         24          0          4          0        220   mc_w.l

    ----------------------------------------------------------------------
       222         24          0          4          0        220   Library Totals

    ----------------------------------------------------------------------

==============================================================================


      Code (inc. data)   RO Data    RW Data    ZI Data      Debug   

     12672       1104       9684        444       5404     421912   Grand Totals
     12672       1104       9684        284       5404     421912   ELF Image Totals (compressed)
     12672       1104       9684        284          0          0   ROM Totals

==============================================================================

    Total RO  Size (Code + RO Data)                22356 (  21.83kB)
    Total RW  Size (RW Data + ZI Data)              5848 (   5.71kB)
    Total ROM Size (Code + RO Data + RW Data)      22640 (  22.11kB)

==============================================================================

